Component: ARM Compiler 5.06 update 6 (build 750) Tool: armlink [4d35ed]

==============================================================================

Section Cross References

    main.o(i.MX_GPIO_Init) refers to memseta.o(.text) for __aeabi_memclr4
    main.o(i.MX_GPIO_Init) refers to stm32f4xx_hal_gpio.o(i.HAL_GPIO_WritePin) for HAL_GPIO_WritePin
    main.o(i.MX_GPIO_Init) refers to stm32f4xx_hal_gpio.o(i.HAL_GPIO_Init) for HAL_GPIO_Init
    main.o(i.SystemClock_Config) refers to memseta.o(.text) for __aeabi_memclr4
    main.o(i.SystemClock_Config) refers to stm32f4xx_hal_rcc.o(i.HAL_RCC_OscConfig) for HAL_RCC_OscConfig
    main.o(i.SystemClock_Config) refers to stm32f4xx_hal_rcc.o(i.HAL_RCC_ClockConfig) for HAL_RCC_ClockConfig
    main.o(i.app_main) refers to printf8.o(i.__0printf$8) for __2printf
    main.o(i.fputc) refers to stm32f4xx_hal_uart.o(i.HAL_UART_Transmit) for HAL_UART_Transmit
    main.o(i.fputc) refers to main.o(.bss) for .bss
    main.o(i.info) refers to printf8.o(i.__0printf$8) for __2printf
    main.o(i.info) refers to rtx_kernel.o(i.osKernelGetInfo) for osKernelGetInfo
    main.o(i.info) refers to strlen.o(.text) for strlen
    main.o(i.main) refers to stm32f4xx_hal.o(i.HAL_Init) for HAL_Init
    main.o(i.main) refers to main.o(i.SystemClock_Config) for SystemClock_Config
    main.o(i.main) refers to main.o(i.MX_GPIO_Init) for MX_GPIO_Init
    main.o(i.main) refers to stm32f4xx_hal_uart.o(i.HAL_UART_Init) for HAL_UART_Init
    main.o(i.main) refers to printf8.o(i.__0printf$8) for __2printf
    main.o(i.main) refers to rtx_kernel.o(i.osKernelInitialize) for osKernelInitialize
    main.o(i.main) refers to rtx_thread.o(i.osThreadNew) for osThreadNew
    main.o(i.main) refers to main.o(i.info) for info
    main.o(i.main) refers to rtx_kernel.o(i.osKernelGetState) for osKernelGetState
    main.o(i.main) refers to rtx_kernel.o(i.osKernelStart) for osKernelStart
    main.o(i.main) refers to main.o(.bss) for .bss
    main.o(i.main) refers to main.o(i.app_main) for app_main
    stm32f4xx_it.o(i.USART1_IRQHandler) refers to stm32f4xx_hal_uart.o(i.HAL_UART_IRQHandler) for HAL_UART_IRQHandler
    stm32f4xx_it.o(i.USART1_IRQHandler) refers to main.o(.bss) for huart1
    stm32f4xx_it.o(i.USART2_IRQHandler) refers to stm32f4xx_hal_uart.o(i.HAL_UART_IRQHandler) for HAL_UART_IRQHandler
    stm32f4xx_it.o(i.USART2_IRQHandler) refers to main.o(.bss) for huart2
    stm32f4xx_hal_msp.o(i.HAL_UART_MspDeInit) refers to stm32f4xx_hal_gpio.o(i.HAL_GPIO_DeInit) for HAL_GPIO_DeInit
    stm32f4xx_hal_msp.o(i.HAL_UART_MspDeInit) refers to stm32f4xx_hal_cortex.o(i.HAL_NVIC_DisableIRQ) for HAL_NVIC_DisableIRQ
    stm32f4xx_hal_msp.o(i.HAL_UART_MspInit) refers to memseta.o(.text) for __aeabi_memclr4
    stm32f4xx_hal_msp.o(i.HAL_UART_MspInit) refers to stm32f4xx_hal_gpio.o(i.HAL_GPIO_Init) for HAL_GPIO_Init
    stm32f4xx_hal_msp.o(i.HAL_UART_MspInit) refers to stm32f4xx_hal_cortex.o(i.HAL_NVIC_SetPriority) for HAL_NVIC_SetPriority
    stm32f4xx_hal_msp.o(i.HAL_UART_MspInit) refers to stm32f4xx_hal_cortex.o(i.HAL_NVIC_EnableIRQ) for HAL_NVIC_EnableIRQ
    stm32f4xx_hal_uart.o(i.HAL_HalfDuplex_Init) refers to stm32f4xx_hal_msp.o(i.HAL_UART_MspInit) for HAL_UART_MspInit
    stm32f4xx_hal_uart.o(i.HAL_HalfDuplex_Init) refers to stm32f4xx_hal_uart.o(i.UART_SetConfig) for UART_SetConfig
    stm32f4xx_hal_uart.o(i.HAL_LIN_Init) refers to stm32f4xx_hal_msp.o(i.HAL_UART_MspInit) for HAL_UART_MspInit
    stm32f4xx_hal_uart.o(i.HAL_LIN_Init) refers to stm32f4xx_hal_uart.o(i.UART_SetConfig) for UART_SetConfig
    stm32f4xx_hal_uart.o(i.HAL_MultiProcessor_Init) refers to stm32f4xx_hal_msp.o(i.HAL_UART_MspInit) for HAL_UART_MspInit
    stm32f4xx_hal_uart.o(i.HAL_MultiProcessor_Init) refers to stm32f4xx_hal_uart.o(i.UART_SetConfig) for UART_SetConfig
    stm32f4xx_hal_uart.o(i.HAL_UART_Abort) refers to stm32f4xx_hal_dma.o(i.HAL_DMA_Abort) for HAL_DMA_Abort
    stm32f4xx_hal_uart.o(i.HAL_UART_Abort) refers to stm32f4xx_hal_dma.o(i.HAL_DMA_GetError) for HAL_DMA_GetError
    stm32f4xx_hal_uart.o(i.HAL_UART_AbortReceive) refers to stm32f4xx_hal_dma.o(i.HAL_DMA_Abort) for HAL_DMA_Abort
    stm32f4xx_hal_uart.o(i.HAL_UART_AbortReceive) refers to stm32f4xx_hal_dma.o(i.HAL_DMA_GetError) for HAL_DMA_GetError
    stm32f4xx_hal_uart.o(i.HAL_UART_AbortReceive_IT) refers to stm32f4xx_hal_dma.o(i.HAL_DMA_Abort_IT) for HAL_DMA_Abort_IT
    stm32f4xx_hal_uart.o(i.HAL_UART_AbortReceive_IT) refers to stm32f4xx_hal_uart.o(i.HAL_UART_AbortReceiveCpltCallback) for HAL_UART_AbortReceiveCpltCallback
    stm32f4xx_hal_uart.o(i.HAL_UART_AbortReceive_IT) refers to stm32f4xx_hal_uart.o(i.UART_DMARxOnlyAbortCallback) for UART_DMARxOnlyAbortCallback
    stm32f4xx_hal_uart.o(i.HAL_UART_AbortTransmit) refers to stm32f4xx_hal_dma.o(i.HAL_DMA_Abort) for HAL_DMA_Abort
    stm32f4xx_hal_uart.o(i.HAL_UART_AbortTransmit) refers to stm32f4xx_hal_dma.o(i.HAL_DMA_GetError) for HAL_DMA_GetError
[...]
    $v0                                      0x080006cc   Number         0  irq_cm4f.o(.text)
    .text                                    0x08000790   Section       36  startup_stm32f411xe_1.o(.text)
    $v0                                      0x08000790   Number         0  startup_stm32f411xe_1.o(.text)
    .text                                    0x080007b4   Section        0  uldiv.o(.text)
    .text                                    0x08000816   Section        0  memcpya.o(.text)
    .text                                    0x0800083a   Section        0  memseta.o(.text)
    .text                                    0x0800085e   Section        0  strlen.o(.text)
    .text                                    0x0800086c   Section        0  llshl.o(.text)
    .text                                    0x0800088a   Section        0  llushr.o(.text)
    .text                                    0x080008ac   Section       36  init.o(.text)
    .text                                    0x080008d0   Section        0  __dczerorl.o(.text)
    i.BusFault_Handler                       0x0800090a   Section        0  stm32f4xx_it.o(i.BusFault_Handler)
    i.DebugMon_Handler                       0x0800090c   Section        0  stm32f4xx_it.o(i.DebugMon_Handler)
    i.EvrRtxDelayCompleted                   0x0800090e   Section        0  rtx_evr.o(i.EvrRtxDelayCompleted)
    i.EvrRtxEventFlagsWaitTimeout            0x08000910   Section        0  rtx_evr.o(i.EvrRtxEventFlagsWaitTimeout)
    i.EvrRtxKernelError                      0x08000912   Section        0  rtx_evr.o(i.EvrRtxKernelError)
    i.EvrRtxKernelGetInfo                    0x08000914   Section        0  rtx_evr.o(i.EvrRtxKernelGetInfo)
    i.EvrRtxKernelGetState                   0x08000916   Section        0  rtx_evr.o(i.EvrRtxKernelGetState)
    i.EvrRtxKernelInfoRetrieved              0x08000918   Section        0  rtx_evr.o(i.EvrRtxKernelInfoRetrieved)
    i.EvrRtxKernelInitialize                 0x0800091a   Section        0  rtx_evr.o(i.EvrRtxKernelInitialize)
    i.EvrRtxKernelInitialized                0x0800091c   Section        0  rtx_evr.o(i.EvrRtxKernelInitialized)
    i.EvrRtxKernelStart                      0x0800091e   Section        0  rtx_evr.o(i.EvrRtxKernelStart)
    i.EvrRtxKernelStarted                    0x08000920   Section        0  rtx_evr.o(i.EvrRtxKernelStarted)
    i.EvrRtxMemoryAlloc                      0x08000922   Section        0  rtx_evr.o(i.EvrRtxMemoryAlloc)
    i.EvrRtxMemoryBlockAlloc                 0x08000924   Section        0  rtx_evr.o(i.EvrRtxMemoryBlockAlloc)
    i.EvrRtxMemoryBlockFree                  0x08000926   Section        0  rtx_evr.o(i.EvrRtxMemoryBlockFree)
    i.EvrRtxMemoryBlockInit                  0x08000928   Section        0  rtx_evr.o(i.EvrRtxMemoryBlockInit)
    i.EvrRtxMemoryFree                       0x0800092a   Section        0  rtx_evr.o(i.EvrRtxMemoryFree)
    i.EvrRtxMemoryInit                       0x0800092c   Section        0  rtx_evr.o(i.EvrRtxMemoryInit)
    i.EvrRtxMemoryPoolAllocTimeout           0x0800092e   Section        0  rtx_evr.o(i.EvrRtxMemoryPoolAllocTimeout)
    i.EvrRtxMessageQueueCreated              0x08000930   Section        0  rtx_evr.o(i.EvrRtxMessageQueueCreated)
    i.EvrRtxMessageQueueError                0x08000932   Section        0  rtx_evr.o(i.EvrRtxMessageQueueError)
    i.EvrRtxMessageQueueGet                  0x08000934   Section        0  rtx_evr.o(i.EvrRtxMessageQueueGet)
    i.EvrRtxMessageQueueGetPending           0x08000936   Section        0  rtx_evr.o(i.EvrRtxMessageQueueGetPending)
    i.EvrRtxMessageQueueGetTimeout           0x08000938   Section        0  rtx_evr.o(i.EvrRtxMessageQueueGetTimeout)
    i.EvrRtxMessageQueueInsertPending        0x0800093a   Section        0  rtx_evr.o(i.EvrRtxMessageQueueInsertPending)
    i.EvrRtxMessageQueueInserted             0x0800093c   Section        0  rtx_evr.o(i.EvrRtxMessageQueueInserted)
    i.EvrRtxMessageQueueNew                  0x0800093e   Section        0  rtx_evr.o(i.EvrRtxMessageQueueNew)
    i.EvrRtxMessageQueueNotInserted          0x08000940   Section        0  rtx_evr.o(i.EvrRtxMessageQueueNotInserted)
    i.EvrRtxMessageQueueNotRetrieved         0x08000942   Section        0  rtx_evr.o(i.EvrRtxMessageQueueNotRetrieved)
    i.EvrRtxMessageQueuePut                  0x08000944   Section        0  rtx_evr.o(i.EvrRtxMessageQueuePut)
    i.EvrRtxMessageQueuePutPending           0x08000946   Section        0  rtx_evr.o(i.EvrRtxMessageQueuePutPending)
    i.EvrRtxMessageQueuePutTimeout           0x08000948   Section        0  rtx_evr.o(i.EvrRtxMessageQueuePutTimeout)
    i.EvrRtxMessageQueueRetrieved            0x0800094a   Section        0  rtx_evr.o(i.EvrRtxMessageQueueRetrieved)
    i.EvrRtxMutexAcquireTimeout              0x0800094c   Section        0  rtx_evr.o(i.EvrRtxMutexAcquireTimeout)
    i.EvrRtxMutexAcquired                    0x0800094e   Section        0  rtx_evr.o(i.EvrRtxMutexAcquired)
    i.EvrRtxMutexReleased                    0x08000950   Section        0  rtx_evr.o(i.EvrRtxMutexReleased)
    i.EvrRtxSemaphoreAcquireTimeout          0x08000952   Section        0  rtx_evr.o(i.EvrRtxSemaphoreAcquireTimeout)
    i.EvrRtxThreadBlocked                    0x08000954   Section        0  rtx_evr.o(i.EvrRtxThreadBlocked)
    i.EvrRtxThreadCreated                    0x08000956   Section        0  rtx_evr.o(i.EvrRtxThreadCreated)
    i.EvrRtxThreadDestroyed                  0x08000958   Section        0  rtx_evr.o(i.EvrRtxThreadDestroyed)
    i.EvrRtxThreadError                      0x0800095a   Section        0  rtx_evr.o(i.EvrRtxThreadError)
    i.EvrRtxThreadExit                       0x0800095c   Section        0  rtx_evr.o(i.EvrRtxThreadExit)
    i.EvrRtxThreadFlagsWaitCompleted         0x0800095e   Section        0  rtx_evr.o(i.EvrRtxThreadFlagsWaitCompleted)
    i.EvrRtxThreadFlagsWaitTimeout           0x08000960   Section        0  rtx_evr.o(i.EvrRtxThreadFlagsWaitTimeout)
    i.EvrRtxThreadJoined                     0x08000962   Section        0  rtx_evr.o(i.EvrRtxThreadJoined)
    i.EvrRtxThreadNew                        0x08000964   Section        0  rtx_evr.o(i.EvrRtxThreadNew)
    i.EvrRtxThreadPreempted                  0x08000966   Section        0  rtx_evr.o(i.EvrRtxThreadPreempted)
    i.EvrRtxThreadSwitched                   0x08000968   Section        0  rtx_evr.o(i.EvrRtxThreadSwitched)
    i.EvrRtxThreadUnblocked                  0x0800096a   Section        0  rtx_evr.o(i.EvrRtxThreadUnblocked)
    i.EvrRtxTimerCallback                    0x0800096c   Section        0  rtx_evr.o(i.EvrRtxTimerCallback)
    i.HAL_DMA_Abort_IT                       0x0800096e   Section        0  stm32f4xx_hal_dma.o(i.HAL_DMA_Abort_IT)
    i.HAL_GPIO_Init                          0x08000994   Section        0  stm32f4xx_hal_gpio.o(i.HAL_GPIO_Init)
    i.HAL_GPIO_WritePin                      0x08000b28   Section        0  stm32f4xx_hal_gpio.o(i.HAL_GPIO_WritePin)
    i.HAL_GetTick                            0x08000b34   Section        0  stm32f4xx_hal.o(i.HAL_GetTick)
    i.HAL_Init                               0x08000b40   Section        0  stm32f4xx_hal.o(i.HAL_Init)
    i.HAL_InitTick                           0x08000b74   Section        0  stm32f4xx_hal.o(i.HAL_InitTick)
    i.HAL_MspInit                            0x08000bb4   Section        0  stm32f4xx_hal_msp.o(i.HAL_MspInit)
    i.HAL_NVIC_EnableIRQ                     0x08000be4   Section        0  stm32f4xx_hal_cortex.o(i.HAL_NVIC_EnableIRQ)
    i.HAL_NVIC_SetPriority                   0x08000c00   Section        0  stm32f4xx_hal_cortex.o(i.HAL_NVIC_SetPriority)
    i.HAL_NVIC_SetPriorityGrouping           0x08000c40   Section        0  stm32f4xx_hal_cortex.o(i.HAL_NVIC_SetPriorityGrouping)
    i.HAL_RCC_ClockConfig                    0x08000c64   Section        0  stm32f4xx_hal_rcc.o(i.HAL_RCC_ClockConfig)
    i.HAL_RCC_GetPCLK1Freq                   0x08000d98   Section        0  stm32f4xx_hal_rcc.o(i.HAL_RCC_GetPCLK1Freq)
    i.HAL_RCC_GetPCLK2Freq                   0x08000db8   Section        0  stm32f4xx_hal_rcc.o(i.HAL_RCC_GetPCLK2Freq)
    i.HAL_RCC_GetSysClockFreq                0x08000dd8   Section        0  stm32f4xx_hal_rcc.o(i.HAL_RCC_GetSysClockFreq)
    i.HAL_RCC_OscConfig                      0x08000e38   Section        0  stm32f4xx_hal_rcc.o(i.HAL_RCC_OscConfig)
    i.HAL_SYSTICK_Config                     0x08001194   Section        0  stm32f4xx_hal_cortex.o(i.HAL_SYSTICK_Config)
    i.HAL_UART_ErrorCallback                 0x080011bc   Section        0  stm32f4xx_hal_uart.o(i.HAL_UART_ErrorCallback)
    i.HAL_UART_IRQHandler                    0x080011c0   Section        0  stm32f4xx_hal_uart.o(i.HAL_UART_IRQHandler)
    i.HAL_UART_Init                          0x080012d4   Section        0  stm32f4xx_hal_uart.o(i.HAL_UART_Init)
    i.HAL_UART_MspInit                       0x08001338   Section        0  stm32f4xx_hal_msp.o(i.HAL_UART_MspInit)
    i.HAL_UART_RxCpltCallback                0x080013f4   Section        0  stm32f4xx_hal_uart.o(i.HAL_UART_RxCpltCallback)
    i.HAL_UART_Transmit                      0x080013f6   Section        0  stm32f4xx_hal_uart.o(i.HAL_UART_Transmit)
    i.HAL_UART_TxCpltCallback                0x080014b0   Section        0  stm32f4xx_hal_uart.o(i.HAL_UART_TxCpltCallback)
    i.HardFault_Handler                      0x080014b2   Section        0  stm32f4xx_it.o(i.HardFault_Handler)
    i.IsIrqMasked                            0x080014b4   Section        0  rtx_kernel.o(i.IsIrqMasked)
    IsIrqMasked                              0x080014b5   Thumb Code    18  rtx_kernel.o(i.IsIrqMasked)
    i.IsIrqMasked                            0x080014c6   Section        0  rtx_msgqueue.o(i.IsIrqMasked)
    IsIrqMasked                              0x080014c7   Thumb Code    18  rtx_msgqueue.o(i.IsIrqMasked)
    i.IsIrqMasked                            0x080014d8   Section        0  rtx_thread.o(i.IsIrqMasked)
    IsIrqMasked                              0x080014d9   Thumb Code    18  rtx_thread.o(i.IsIrqMasked)
    i.IsIrqMode                              0x080014ea   Section        0  rtx_kernel.o(i.IsIrqMode)
    IsIrqMode                                0x080014eb   Thumb Code    12  rtx_kernel.o(i.IsIrqMode)
    i.IsIrqMode                              0x080014f6   Section        0  rtx_msgqueue.o(i.IsIrqMode)
    IsIrqMode                                0x080014f7   Thumb Code    12  rtx_msgqueue.o(i.IsIrqMode)
    i.IsIrqMode                              0x08001502   Section        0  rtx_thread.o(i.IsIrqMode)
    IsIrqMode                                0x08001503   Thumb Code    12  rtx_thread.o(i.IsIrqMode)
    i.MX_GPIO_Init                           0x08001510   Section        0  main.o(i.MX_GPIO_Init)
    MX_GPIO_Init                             0x08001511   Thumb Code   136  main.o(i.MX_GPIO_Init)
    i.MemManage_Handler                      0x080015a8   Section        0  stm32f4xx_it.o(i.MemManage_Handler)
    i.MessageQueueGet                        0x080015aa   Section        0  rtx_msgqueue.o(i.MessageQueueGet)
    MessageQueueGet                          0x080015ab   Thumb Code    40  rtx_msgqueue.o(i.MessageQueueGet)
    i.MessageQueuePut                        0x080015d2   Section        0  rtx_msgqueue.o(i.MessageQueuePut)
    MessageQueuePut                          0x080015d3   Thumb Code    62  rtx_msgqueue.o(i.MessageQueuePut)
    i.MessageQueueRemove                     0x08001610   Section        0  rtx_msgqueue.o(i.MessageQueueRemove)
    MessageQueueRemove                       0x08001611   Thumb Code    28  rtx_msgqueue.o(i.MessageQueueRemove)
    i.NMI_Handler                            0x0800162c   Section        0  stm32f4xx_it.o(i.NMI_Handler)
    i.OS_Tick_AcknowledgeIRQ                 0x0800162e   Section        0  os_systick.o(i.OS_Tick_AcknowledgeIRQ)
    i.OS_Tick_Enable                         0x08001638   Section        0  os_systick.o(i.OS_Tick_Enable)
    i.OS_Tick_GetIRQn                        0x08001660   Section        0  os_systick.o(i.OS_Tick_GetIRQn)
    i.OS_Tick_Setup                          0x08001668   Section        0  os_systick.o(i.OS_Tick_Setup)
    i.SystemClock_Config                     0x080016a8   Section        0  main.o(i.SystemClock_Config)
    i.SystemInit                             0x08001728   Section        0  system_stm32f4xx_1.o(i.SystemInit)
    i.ThreadFlagsCheck                       0x0800177c   Section        0  rtx_thread.o(i.ThreadFlagsCheck)
    ThreadFlagsCheck                         0x0800177d   Thumb Code    46  rtx_thread.o(i.ThreadFlagsCheck)
    i.TimerInsert                            0x080017ac   Section        0  rtx_timer.o(i.TimerInsert)
    TimerInsert                              0x080017ad   Thumb Code    50  rtx_timer.o(i.TimerInsert)
    i.UART_DMAAbortOnError                   0x080017e4   Section        0  stm32f4xx_hal_uart.o(i.UART_DMAAbortOnError)
    UART_DMAAbortOnError                     0x080017e5   Thumb Code    16  stm32f4xx_hal_uart.o(i.UART_DMAAbortOnError)
    i.UART_EndRxTransfer                     0x080017f4   Section        0  stm32f4xx_hal_uart.o(i.UART_EndRxTransfer)
    UART_EndRxTransfer                       0x080017f5   Thumb Code    28  stm32f4xx_hal_uart.o(i.UART_EndRxTransfer)
    i.UART_Receive_IT                        0x08001810   Section        0  stm32f4xx_hal_uart.o(i.UART_Receive_IT)
    UART_Receive_IT                          0x08001811   Thumb Code   150  stm32f4xx_hal_uart.o(i.UART_Receive_IT)
    i.UART_SetConfig                         0x080018a8   Section        0  stm32f4xx_hal_uart.o(i.UART_SetConfig)
    UART_SetConfig                           0x080018a9   Thumb Code   286  stm32f4xx_hal_uart.o(i.UART_SetConfig)
    i.UART_Transmit_IT                       0x080019d0   Section        0  stm32f4xx_hal_uart.o(i.UART_Transmit_IT)
    UART_Transmit_IT                         0x080019d1   Thumb Code    98  stm32f4xx_hal_uart.o(i.UART_Transmit_IT)
    i.UART_WaitOnFlagUntilTimeout            0x08001a32   Section        0  stm32f4xx_hal_uart.o(i.UART_WaitOnFlagUntilTimeout)
    UART_WaitOnFlagUntilTimeout              0x08001a33   Thumb Code   100  stm32f4xx_hal_uart.o(i.UART_WaitOnFlagUntilTimeout)
    i.USART1_IRQHandler                      0x08001a98   Section        0  stm32f4xx_it.o(i.USART1_IRQHandler)
    i.USART2_IRQHandler                      0x08001aa4   Section        0  stm32f4xx_it.o(i.USART2_IRQHandler)
    i.UsageFault_Handler                     0x08001ab0   Section        0  stm32f4xx_it.o(i.UsageFault_Handler)
    i.__0printf$8                            0x08001ab4   Section        0  printf8.o(i.__0printf$8)
    i.__NVIC_SetPriority                     0x08001ad4   Section        0  stm32f4xx_hal_cortex.o(i.__NVIC_SetPriority)
    __NVIC_SetPriority                       0x08001ad5   Thumb Code    32  stm32f4xx_hal_cortex.o(i.__NVIC_SetPriority)
    i.__scatterload_copy                     0x08001af4   Section       14  handlers.o(i.__scatterload_copy)
    i.__scatterload_null                     0x08001b02   Section        2  handlers.o(i.__scatterload_null)
    i.__scatterload_zeroinit                 0x08001b04   Section       14  handlers.o(i.__scatterload_zeroinit)
    i._printf_core                           0x08001b14   Section        0  printf8.o(i._printf_core)
    _printf_core                             0x08001b15   Thumb Code   996  printf8.o(i._printf_core)
    i._printf_post_padding                   0x08001f24   Section        0  printf8.o(i._printf_post_padding)
    _printf_post_padding                     0x08001f25   Thumb Code    36  printf8.o(i._printf_post_padding)
    i._printf_pre_padding                    0x08001f48   Section        0  printf8.o(i._printf_pre_padding)
    _printf_pre_padding                      0x08001f49   Thumb Code    46  printf8.o(i._printf_pre_padding)
    i.app_main                               0x08001f78   Section        0  main.o(i.app_main)
    i.fputc                                  0x08001f94   Section        0  main.o(i.fputc)
    i.info                                   0x08001fac   Section        0  main.o(i.info)
    i.main                                   0x08002098   Section        0  main.o(i.main)
    i.osKernelGetInfo                        0x08002174   Section        0  rtx_kernel.o(i.osKernelGetInfo)
    i.osKernelGetState                       0x080021b8   Section        0  rtx_kernel.o(i.osKernelGetState)
    i.osKernelInitialize                     0x080021e8   Section        0  rtx_kernel.o(i.osKernelInitialize)
    i.osKernelStart                          0x08002218   Section        0  rtx_kernel.o(i.osKernelStart)
    i.osMessageQueueGet                      0x08002244   Section        0  rtx_msgqueue.o(i.osMessageQueueGet)
    i.osMessageQueueNew                      0x080022d0   Section        0  rtx_msgqueue.o(i.osMessageQueueNew)
    i.osMessageQueuePut                      0x08002308   Section        0  rtx_msgqueue.o(i.osMessageQueuePut)
    i.osRtxErrorNotify                       0x080023a0   Section        0  rtx_config.o(i.osRtxErrorNotify)
    i.osRtxIdleThread                        0x080023a2   Section        0  rtx_config.o(i.osRtxIdleThread)
    i.osRtxKernelPreInit                     0x080023a4   Section        0  rtx_kernel.o(i.osRtxKernelPreInit)
    i.osRtxMemoryAlloc                       0x080023a6   Section        0  rtx_memory.o(i.osRtxMemoryAlloc)
    i.osRtxMemoryFree                        0x08002426   Section        0  rtx_memory.o(i.osRtxMemoryFree)
    i.osRtxMemoryInit                        0x0800246e   Section        0  rtx_memory.o(i.osRtxMemoryInit)
    i.osRtxMemoryPoolAlloc                   0x080024aa   Section        0  rtx_mempool.o(i.osRtxMemoryPoolAlloc)
    i.osRtxMemoryPoolFree                    0x080024da   Section        0  rtx_mempool.o(i.osRtxMemoryPoolFree)
    i.osRtxMemoryPoolInit                    0x0800251a   Section        0  rtx_mempool.o(i.osRtxMemoryPoolInit)
    i.osRtxMessageQueuePostProcess           0x08002560   Section        0  rtx_msgqueue.o(i.osRtxMessageQueuePostProcess)
    osRtxMessageQueuePostProcess             0x08002561   Thumb Code   236  rtx_msgqueue.o(i.osRtxMessageQueuePostProcess)
    i.osRtxMutexOwnerRelease                 0x0800264c   Section        0  rtx_mutex.o(i.osRtxMutexOwnerRelease)
    i.osRtxPendSV_Handler                    0x080026a4   Section        0  rtx_system.o(i.osRtxPendSV_Handler)
    i.osRtxPostProcess                       0x08002708   Section        0  rtx_system.o(i.osRtxPostProcess)
    i.osRtxThreadBlock                       0x08002758   Section        0  rtx_thread.o(i.osRtxThreadBlock)
    osRtxThreadBlock                         0x08002759   Thumb Code    48  rtx_thread.o(i.osRtxThreadBlock)
    i.osRtxThreadDelayInsert                 0x0800278c   Section        0  rtx_thread.o(i.osRtxThreadDelayInsert)
    osRtxThreadDelayInsert                   0x0800278d   Thumb Code    88  rtx_thread.o(i.osRtxThreadDelayInsert)
    i.osRtxThreadDelayRemove                 0x080027e8   Section        0  rtx_thread.o(i.osRtxThreadDelayRemove)
    osRtxThreadDelayRemove                   0x080027e9   Thumb Code    66  rtx_thread.o(i.osRtxThreadDelayRemove)
    i.osRtxThreadDelayTick                   0x08002830   Section        0  rtx_thread.o(i.osRtxThreadDelayTick)
    i.osRtxThreadDispatch                    0x080028f0   Section        0  rtx_thread.o(i.osRtxThreadDispatch)
    i.osRtxThreadFree                        0x0800294c   Section        0  rtx_thread.o(i.osRtxThreadFree)
    osRtxThreadFree                          0x0800294d   Thumb Code    78  rtx_thread.o(i.osRtxThreadFree)
    i.osRtxThreadListGet                     0x080029a0   Section        0  rtx_thread.o(i.osRtxThreadListGet)
    i.osRtxThreadListPut                     0x080029b4   Section        0  rtx_thread.o(i.osRtxThreadListPut)
    i.osRtxThreadListRemove                  0x080029d8   Section        0  rtx_thread.o(i.osRtxThreadListRemove)
    i.osRtxThreadListRoot                    0x080029f0   Section        0  rtx_thread.o(i.osRtxThreadListRoot)
    osRtxThreadListRoot                      0x080029f1   Thumb Code    12  rtx_thread.o(i.osRtxThreadListRoot)
    i.osRtxThreadPostProcess                 0x080029fc   Section        0  rtx_thread.o(i.osRtxThreadPostProcess)
    osRtxThreadPostProcess                   0x080029fd   Thumb Code    56  rtx_thread.o(i.osRtxThreadPostProcess)
    i.osRtxThreadReadyPut                    0x08002a34   Section        0  rtx_thread.o(i.osRtxThreadReadyPut)
    i.osRtxThreadRegPtr                      0x08002a44   Section        0  rtx_thread.o(i.osRtxThreadRegPtr)
    i.osRtxThreadStackCheck                  0x08002a58   Section        0  rtx_thread.o(i.osRtxThreadStackCheck)
    i.osRtxThreadStartup                     0x08002a80   Section        0  rtx_thread.o(i.osRtxThreadStartup)
    i.osRtxThreadSwitch                      0x08002abc   Section        0  rtx_thread.o(i.osRtxThreadSwitch)
    i.osRtxThreadWaitEnter                   0x08002adc   Section        0  rtx_thread.o(i.osRtxThreadWaitEnter)
    i.osRtxThreadWaitExit                    0x08002b1c   Section        0  rtx_thread.o(i.osRtxThreadWaitExit)
    i.osRtxTick_Handler                      0x08002b4c   Section        0  rtx_system.o(i.osRtxTick_Handler)
    i.osRtxTimerThread                       0x08002bc4   Section        0  rtx_timer.o(i.osRtxTimerThread)
    i.osRtxTimerTick                         0x08002c0c   Section        0  rtx_timer.o(i.osRtxTimerTick)
    osRtxTimerTick                           0x08002c0d   Thumb Code    88  rtx_timer.o(i.osRtxTimerTick)
    i.osThreadExit                           0x08002c68   Section        0  rtx_thread.o(i.osThreadExit)
    i.osThreadNew                            0x08002c84   Section        0  rtx_thread.o(i.osThreadNew)
    i.svcRtxKernelGetInfo                    0x08002cbc   Section        0  rtx_kernel.o(i.svcRtxKernelGetInfo)
    svcRtxKernelGetInfo                      0x08002cbd   Thumb Code    50  rtx_kernel.o(i.svcRtxKernelGetInfo)
    i.svcRtxKernelGetState                   0x08002d04   Section        0  rtx_kernel.o(i.svcRtxKernelGetState)
    svcRtxKernelGetState                     0x08002d05   Thumb Code    16  rtx_kernel.o(i.svcRtxKernelGetState)
    i.svcRtxKernelInitialize                 0x08002d18   Section        0  rtx_kernel.o(i.svcRtxKernelInitialize)
    svcRtxKernelInitialize                   0x08002d19   Thumb Code   302  rtx_kernel.o(i.svcRtxKernelInitialize)
    i.svcRtxKernelStart                      0x08002e50   Section        0  rtx_kernel.o(i.svcRtxKernelStart)
    svcRtxKernelStart                        0x08002e51   Thumb Code   144  rtx_kernel.o(i.svcRtxKernelStart)
    i.svcRtxMessageQueueGet                  0x08002ef0   Section        0  rtx_msgqueue.o(i.svcRtxMessageQueueGet)
    svcRtxMessageQueueGet                    0x08002ef1   Thumb Code   264  rtx_msgqueue.o(i.svcRtxMessageQueueGet)
    i.svcRtxMessageQueueNew                  0x08002ffc   Section        0  rtx_msgqueue.o(i.svcRtxMessageQueueNew)
    svcRtxMessageQueueNew                    0x08002ffd   Thumb Code   294  rtx_msgqueue.o(i.svcRtxMessageQueueNew)
    i.svcRtxMessageQueuePut                  0x0800312c   Section        0  rtx_msgqueue.o(i.svcRtxMessageQueuePut)
    svcRtxMessageQueuePut                    0x0800312d   Thumb Code   234  rtx_msgqueue.o(i.svcRtxMessageQueuePut)
    i.svcRtxThreadExit                       0x0800321c   Section        0  rtx_thread.o(i.svcRtxThreadExit)
    svcRtxThreadExit                         0x0800321d   Thumb Code   110  rtx_thread.o(i.svcRtxThreadExit)
    i.svcRtxThreadNew                        0x08003290   Section        0  rtx_thread.o(i.svcRtxThreadNew)
    svcRtxThreadNew                          0x08003291   Thumb Code   438  rtx_thread.o(i.svcRtxThreadNew)
    .constdata                               0x0800345c   Section       36  rtx_lib.o(.constdata)
    os_idle_thread_attr                      0x0800345c   Data          36  rtx_lib.o(.constdata)
    .constdata                               0x08003480   Section       36  rtx_lib.o(.constdata)
    os_timer_thread_attr                     0x08003480   Data          36  rtx_lib.o(.constdata)
    .constdata                               0x080034a4   Section       24  rtx_lib.o(.constdata)
    os_timer_mq_attr                         0x080034a4   Data          24  rtx_lib.o(.constdata)
    .constdata                               0x080034bc   Section        4  rtx_lib.o(.constdata)
    .constdata                               0x080034c0   Section       16  system_stm32f4xx_1.o(.constdata)
    .constdata                               0x080034d0   Section        8  system_stm32f4xx_1.o(.constdata)
    .conststrlit                             0x080034d8   Section       11  rtx_kernel.o(.conststrlit)
    .rodata                                  0x080034e4   Section      160  rtx_lib.o(.rodata)
    __tagsym$$used                           0x080034e4   Number         0  rtx_lib.o(.rodata)
    __tagsym$$used                           0x0800354c   Number         0  rtx_lib.o(.rodata)
    .bss.os                                  0x20000000   Section     4096  rtx_lib.o(.bss.os)
    os_mem                                   0x20000000   Data        4096  rtx_lib.o(.bss.os)
    .bss.os                                  0x20001000   Section       64  rtx_lib.o(.bss.os)
    os_isr_queue                             0x20001000   Data          64  rtx_lib.o(.bss.os)
    .bss.os.msgqueue.cb                      0x20001040   Section       52  rtx_lib.o(.bss.os.msgqueue.cb)
    os_timer_mq_cb                           0x20001040   Data          52  rtx_lib.o(.bss.os.msgqueue.cb)
    .bss.os.msgqueue.mem                     0x20001074   Section       80  rtx_lib.o(.bss.os.msgqueue.mem)
    os_timer_mq_data                         0x20001074   Data          80  rtx_lib.o(.bss.os.msgqueue.mem)
    .bss.os.thread.cb                        0x200010c4   Section       68  rtx_lib.o(.bss.os.thread.cb)
    os_idle_thread_cb                        0x200010c4   Data          68  rtx_lib.o(.bss.os.thread.cb)
    .bss.os.thread.cb                        0x20001108   Section       68  rtx_lib.o(.bss.os.thread.cb)
    os_timer_thread_cb                       0x20001108   Data          68  rtx_lib.o(.bss.os.thread.cb)
    .bss.os.thread.stack                     0x20001150   Section      256  rtx_lib.o(.bss.os.thread.stack)
    os_idle_thread_stack                     0x20001150   Data         256  rtx_lib.o(.bss.os.thread.stack)
    .bss.os.thread.stack                     0x20001250   Section      256  rtx_lib.o(.bss.os.thread.stack)
    os_timer_thread_stack                    0x20001250   Data         256  rtx_lib.o(.bss.os.thread.stack)
    .data                                    0x20001350   Section       12  stm32f4xx_hal.o(.data)
    .data                                    0x2000135c   Section        1  os_systick.o(.data)
    PendST                                   0x2000135c   Data           1  os_systick.o(.data)
    .data                                    0x20001360   Section        4  system_stm32f4xx_1.o(.data)
    .data                                    0x20001364   Section        4  stdout.o(.data)
    .data.os                                 0x20001368   Section      164  rtx_kernel.o(.data.os)
    .bss                                     0x2000140c   Section      128  main.o(.bss)
    STACK                                    0x20001490   Section     1024  startup_stm32f411xe_1.o(STACK)

    Global Symbols

    Symbol Name                              Value     Ov Type        Size  Object(Section)

    BuildAttributes$$THM_ISAv4$E$P$D$K$B$S$7EM$VFPi3$EXTD16$VFPS$VFMA$PE$A:L22UL41UL21$X:L11$S22US41US21$IEEE1$IW$USESV6$~STKCKD$USESV7$~SHL$OSPACE$ROPI$EBA8$MICROLIB$REQ8$PRES8$EABIv2 0x00000000   Number         0  anon$$obj.o ABSOLUTE
    __ARM_use_no_argv                        0x00000000   Number         0  main.o ABSOLUTE
    _printf_a                                0x00000000   Number         0  stubs.o ABSOLUTE
    _printf_c                                0x00000000   Number         0  stubs.o ABSOLUTE
    _printf_charcount                        0x00000000   Number         0  stubs.o ABSOLUTE
    _printf_d                                0x00000000   Number         0  stubs.o ABSOLUTE
    _printf_e                                0x00000000   Number         0  stubs.o ABSOLUTE
    _printf_f                                0x00000000   Number         0  stubs.o ABSOLUTE
    _printf_flags                            0x00000000   Number         0  stubs.o ABSOLUTE
    _printf_fp_dec                           0x00000000   Number         0  stubs.o ABSOLUTE
    _printf_fp_hex                           0x00000000   Number         0  stubs.o ABSOLUTE
    _printf_g                                0x00000000   Number         0  stubs.o ABSOLUTE
    _printf_i                                0x00000000   Number         0  stubs.o ABSOLUTE
    _printf_int_dec                          0x00000000   Number         0  stubs.o ABSOLUTE
    _printf_l                                0x00000000   Number         0  stubs.o ABSOLUTE
    _printf_lc                               0x00000000   Number         0  stubs.o ABSOLUTE
    _printf_ll                               0x00000000   Number         0  stubs.o ABSOLUTE
    _printf_lld                              0x00000000   Number         0  stubs.o ABSOLUTE
    _printf_lli                              0x00000000   Number         0  stubs.o ABSOLUTE
    _printf_llo                              0x00000000   Number         0  stubs.o ABSOLUTE
    _printf_llu                              0x00000000   Number         0  stubs.o ABSOLUTE
    _printf_llx                              0x00000000   Number         0  stubs.o ABSOLUTE
    _printf_longlong_dec                     0x00000000   Number         0  stubs.o ABSOLUTE
    _printf_longlong_hex                     0x00000000   Number         0  stubs.o ABSOLUTE
    _printf_longlong_oct                     0x00000000   Number         0  stubs.o ABSOLUTE
    _printf_ls                               0x00000000   Number         0  stubs.o ABSOLUTE
    _printf_mbtowc                           0x00000000   Number         0  stubs.o ABSOLUTE
    _printf_n                                0x00000000   Number         0  stubs.o ABSOLUTE
    _printf_o                                0x00000000   Number         0  stubs.o ABSOLUTE
    _printf_p                                0x00000000   Number         0  stubs.o ABSOLUTE
    _printf_percent                          0x00000000   Number         0  stubs.o ABSOLUTE
    _printf_pre_padding                      0x00000000   Number         0  stubs.o ABSOLUTE
    _printf_return_value                     0x00000000   Number         0  stubs.o ABSOLUTE
    _printf_s                                0x00000000   Number         0  stubs.o ABSOLUTE
    _printf_sizespec                         0x00000000   Number         0  stubs.o ABSOLUTE
    _printf_str                              0x00000000   Number         0  stubs.o ABSOLUTE
    _printf_truncate_signed                  0x00000000   Number         0  stubs.o ABSOLUTE
    _printf_truncate_unsigned                0x00000000   Number         0  stubs.o ABSOLUTE
    _printf_u                                0x00000000   Number         0  stubs.o ABSOLUTE
    _printf_wc                               0x00000000   Number         0  stubs.o ABSOLUTE
    _printf_wctomb                           0x00000000   Number         0  stubs.o ABSOLUTE
    _printf_widthprec                        0x00000000   Number         0  stubs.o ABSOLUTE
    _printf_x                                0x00000000   Number         0  stubs.o ABSOLUTE
    .bss.os.evflags.cb$$Base                  - Undefined Weak Reference
    .bss.os.evflags.cb$$Limit                 - Undefined Weak Reference
    .bss.os.mempool.cb$$Base                  - Undefined Weak Reference
    .bss.os.mempool.cb$$Limit                 - Undefined Weak Reference
    .bss.os.mutex.cb$$Base                    - Undefined Weak Reference
    .bss.os.mutex.cb$$Limit                   - Undefined Weak Reference
    .bss.os.semaphore.cb$$Base                - Undefined Weak Reference
    .bss.os.semaphore.cb$$Limit               - Undefined Weak Reference
    .bss.os.timer.cb$$Base                    - Undefined Weak Reference
    .bss.os.timer.cb$$Limit                   - Undefined Weak Reference
    __cpp_initialize__aeabi_                  - Undefined Weak Reference
    __cxa_finalize                            - Undefined Weak Reference
    _clock_init                               - Undefined Weak Reference
    _microlib_exit                            - Undefined Weak Reference
    __Vectors_Size                           0x00000198   Number         0  startup_stm32f411xe_1.o ABSOLUTE
    __Vectors                                0x08000000   Data           4  startup_stm32f411xe_1.o(RESET)
    __Vectors_End                            0x08000198   Data           0  startup_stm32f411xe_1.o(RESET)
    __main                                   0x08000199   Thumb Code     0  entry.o(.ARM.Collect$$$$00000000)
    _main_stk                                0x08000199   Thumb Code     0  entry2.o(.ARM.Collect$$$$00000001)
    _main_scatterload                        0x0800019d   Thumb Code     0  entry5.o(.ARM.Collect$$$$00000004)
    __main_after_scatterload                 0x080001a1   Thumb Code     0  entry5.o(.ARM.Collect$$$$00000004)
    _main_clock                              0x080001a1   Thumb Code     0  entry7b.o(.ARM.Collect$$$$00000008)
    _main_cpp_init                           0x080001a1   Thumb Code     0  entry8b.o(.ARM.Collect$$$$0000000A)
    _main_init                               0x080001a1   Thumb Code     0  entry9a.o(.ARM.Collect$$$$0000000B)
    __rt_final_cpp                           0x080001a9   Thumb Code     0  entry10a.o(.ARM.Collect$$$$0000000D)
    __rt_final_exit                          0x080001a9   Thumb Code     0  entry11a.o(.ARM.Collect$$$$0000000F)
    __asm___13_rtx_mempool_c_7914b4c7__atomic_wr8 0x080001ad   Thumb Code    16  rtx_mempool.o(.emb_text)
    __asm___13_rtx_mempool_c_7914b4c7__atomic_set32 0x080001bd   Thumb Code    20  rtx_mempool.o(.emb_text)
    __asm___13_rtx_mempool_c_7914b4c7__atomic_clr32 0x080001d1   Thumb Code    22  rtx_mempool.o(.emb_text)
    __asm___13_rtx_mempool_c_7914b4c7__atomic_chk32_all 0x080001e7   Thumb Code    38  rtx_mempool.o(.emb_text)
    __asm___13_rtx_mempool_c_7914b4c7__atomic_chk32_any 0x0800020d   Thumb Code    34  rtx_mempool.o(.emb_text)
    __asm___13_rtx_mempool_c_7914b4c7__atomic_inc32 0x0800022f   Thumb Code    18  rtx_mempool.o(.emb_text)
    __asm___13_rtx_mempool_c_7914b4c7__atomic_inc16_lt 0x08000241   Thumb Code    30  rtx_mempool.o(.emb_text)
    __asm___13_rtx_mempool_c_7914b4c7__atomic_inc16_lim 0x0800025f   Thumb Code    26  rtx_mempool.o(.emb_text)
    __asm___13_rtx_mempool_c_7914b4c7__atomic_dec32 0x08000279   Thumb Code    18  rtx_mempool.o(.emb_text)
    __asm___13_rtx_mempool_c_7914b4c7__atomic_dec32_nz 0x0800028b   Thumb Code    26  rtx_mempool.o(.emb_text)
    __asm___13_rtx_mempool_c_7914b4c7__atomic_dec16_nz 0x080002a5   Thumb Code    26  rtx_mempool.o(.emb_text)
    __asm___13_rtx_mempool_c_7914b4c7__atomic_link_get 0x080002bf   Thumb Code    26  rtx_mempool.o(.emb_text)
    __asm___13_rtx_mempool_c_7914b4c7__atomic_link_put 0x080002d9   Thumb Code    28  rtx_mempool.o(.emb_text)
    __asm___14_rtx_msgqueue_c_ba128ae8__atomic_wr8 0x080002f5   Thumb Code    16  rtx_msgqueue.o(.emb_text)
    __asm___14_rtx_msgqueue_c_ba128ae8__atomic_set32 0x08000305   Thumb Code    20  rtx_msgqueue.o(.emb_text)
    __asm___14_rtx_msgqueue_c_ba128ae8__atomic_clr32 0x08000319   Thumb Code    22  rtx_msgqueue.o(.emb_text)
    __asm___14_rtx_msgqueue_c_ba128ae8__atomic_chk32_all 0x0800032f   Thumb Code    38  rtx_msgqueue.o(.emb_text)
    __asm___14_rtx_msgqueue_c_ba128ae8__atomic_chk32_any 0x08000355   Thumb Code    34  rtx_msgqueue.o(.emb_text)
    __asm___14_rtx_msgqueue_c_ba128ae8__atomic_inc32 0x08000377   Thumb Code    18  rtx_msgqueue.o(.emb_text)
    __asm___14_rtx_msgqueue_c_ba128ae8__atomic_inc16_lt 0x08000389   Thumb Code    30  rtx_msgqueue.o(.emb_text)
    __asm___14_rtx_msgqueue_c_ba128ae8__atomic_inc16_lim 0x080003a7   Thumb Code    26  rtx_msgqueue.o(.emb_text)
    __asm___14_rtx_msgqueue_c_ba128ae8__atomic_dec32 0x080003c1   Thumb Code    18  rtx_msgqueue.o(.emb_text)
    __asm___14_rtx_msgqueue_c_ba128ae8__atomic_dec32_nz 0x080003d3   Thumb Code    26  rtx_msgqueue.o(.emb_text)
    __asm___14_rtx_msgqueue_c_ba128ae8__atomic_dec16_nz 0x080003ed   Thumb Code    26  rtx_msgqueue.o(.emb_text)
    __asm___14_rtx_msgqueue_c_ba128ae8__atomic_link_get 0x08000407   Thumb Code    26  rtx_msgqueue.o(.emb_text)
    __asm___14_rtx_msgqueue_c_ba128ae8__atomic_link_put 0x08000421   Thumb Code    28  rtx_msgqueue.o(.emb_text)
    __asm___12_rtx_system_c_024f2f18__atomic_wr8 0x0800043d   Thumb Code    16  rtx_system.o(.emb_text)
    __asm___12_rtx_system_c_024f2f18__atomic_set32 0x0800044d   Thumb Code    20  rtx_system.o(.emb_text)
    __asm___12_rtx_system_c_024f2f18__atomic_clr32 0x08000461   Thumb Code    22  rtx_system.o(.emb_text)
    __asm___12_rtx_system_c_024f2f18__atomic_chk32_all 0x08000477   Thumb Code    38  rtx_system.o(.emb_text)
    __asm___12_rtx_system_c_024f2f18__atomic_chk32_any 0x0800049d   Thumb Code    34  rtx_system.o(.emb_text)
    __asm___12_rtx_system_c_024f2f18__atomic_inc32 0x080004bf   Thumb Code    18  rtx_system.o(.emb_text)
    __asm___12_rtx_system_c_024f2f18__atomic_inc16_lt 0x080004d1   Thumb Code    30  rtx_system.o(.emb_text)
    __asm___12_rtx_system_c_024f2f18__atomic_inc16_lim 0x080004ef   Thumb Code    26  rtx_system.o(.emb_text)
    __asm___12_rtx_system_c_024f2f18__atomic_dec32 0x08000509   Thumb Code    18  rtx_system.o(.emb_text)
    __asm___12_rtx_system_c_024f2f18__atomic_dec32_nz 0x0800051b   Thumb Code    26  rtx_system.o(.emb_text)
    __asm___12_rtx_system_c_024f2f18__atomic_dec16_nz 0x08000535   Thumb Code    26  rtx_system.o(.emb_text)
    __asm___12_rtx_system_c_024f2f18__atomic_link_get 0x0800054f   Thumb Code    26  rtx_system.o(.emb_text)
    __asm___12_rtx_system_c_024f2f18__atomic_link_put 0x08000569   Thumb Code    28  rtx_system.o(.emb_text)
    __asm___12_rtx_thread_c_add96be5__atomic_wr8 0x08000585   Thumb Code    16  rtx_thread.o(.emb_text)
    __asm___12_rtx_thread_c_add96be5__atomic_set32 0x08000595   Thumb Code    20  rtx_thread.o(.emb_text)
    __asm___12_rtx_thread_c_add96be5__atomic_clr32 0x080005a9   Thumb Code    22  rtx_thread.o(.emb_text)
    __asm___12_rtx_thread_c_add96be5__atomic_chk32_all 0x080005bf   Thumb Code    38  rtx_thread.o(.emb_text)
    __asm___12_rtx_thread_c_add96be5__atomic_chk32_any 0x080005e5   Thumb Code    34  rtx_thread.o(.emb_text)
    __asm___12_rtx_thread_c_add96be5__atomic_inc32 0x08000607   Thumb Code    18  rtx_thread.o(.emb_text)
    __asm___12_rtx_thread_c_add96be5__atomic_inc16_lt 0x08000619   Thumb Code    30  rtx_thread.o(.emb_text)
    __asm___12_rtx_thread_c_add96be5__atomic_inc16_lim 0x08000637   Thumb Code    26  rtx_thread.o(.emb_text)
    __asm___12_rtx_thread_c_add96be5__atomic_dec32 0x08000651   Thumb Code    18  rtx_thread.o(.emb_text)
    __asm___12_rtx_thread_c_add96be5__atomic_dec32_nz 0x08000663   Thumb Code    26  rtx_thread.o(.emb_text)
    __asm___12_rtx_thread_c_add96be5__atomic_dec16_nz 0x0800067d   Thumb Code    26  rtx_thread.o(.emb_text)
    __asm___12_rtx_thread_c_add96be5__atomic_link_get 0x08000697   Thumb Code    26  rtx_thread.o(.emb_text)
    __asm___12_rtx_thread_c_add96be5__atomic_link_put 0x080006b1   Thumb Code    28  rtx_thread.o(.emb_text)
    SVC_Handler                              0x080006cd   Thumb Code   152  irq_cm4f.o(.text)
    PendSV_Handler                           0x08000765   Thumb Code    16  irq_cm4f.o(.text)
    SysTick_Handler                          0x08000775   Thumb Code    16  irq_cm4f.o(.text)
    Reset_Handler                            0x08000791   Thumb Code     8  startup_stm32f411xe_1.o(.text)
    ADC_IRQHandler                           0x080007ab   Thumb Code     0  startup_stm32f411xe_1.o(.text)
    DMA1_Stream0_IRQHandler                  0x080007ab   Thumb Code     0  startup_stm32f411xe_1.o(.text)
    DMA1_Stream1_IRQHandler                  0x080007ab   Thumb Code     0  startup_stm32f411xe_1.o(.text)
    DMA1_Stream2_IRQHandler                  0x080007ab   Thumb Code     0  startup_stm32f411xe_1.o(.text)
    DMA1_Stream3_IRQHandler                  0x080007ab   Thumb Code     0  startup_stm32f411xe_1.o(.text)
    DMA1_Stream4_IRQHandler                  0x080007ab   Thumb Code     0  startup_stm32f411xe_1.o(.text)
    DMA1_Stream5_IRQHandler                  0x080007ab   Thumb Code     0  startup_stm32f411xe_1.o(.text)
    DMA1_Stream6_IRQHandler                  0x080007ab   Thumb Code     0  startup_stm32f411xe_1.o(.text)
    DMA1_Stream7_IRQHandler                  0x080007ab   Thumb Code     0  startup_stm32f411xe_1.o(.text)
    DMA2_Stream0_IRQHandler                  0x080007ab   Thumb Code     0  startup_stm32f411xe_1.o(.text)
    DMA2_Stream1_IRQHandler                  0x080007ab   Thumb Code     0  startup_stm32f411xe_1.o(.text)
    DMA2_Stream2_IRQHandler                  0x080007ab   Thumb Code     0  startup_stm32f411xe_1.o(.text)
    DMA2_Stream3_IRQHandler                  0x080007ab   Thumb Code     0  startup_stm32f411xe_1.o(.text)
    DMA2_Stream4_IRQHandler                  0x080007ab   Thumb Code     0  startup_stm32f411xe_1.o(.text)
    DMA2_Stream5_IRQHandler                  0x080007ab   Thumb Code     0  startup_stm32f411xe_1.o(.text)
    DMA2_Stream6_IRQHandler                  0x080007ab   Thumb Code     0  startup_stm32f411xe_1.o(.text)
    DMA2_Stream7_IRQHandler                  0x080007ab   Thumb Code     0  startup_stm32f411xe_1.o(.text)
    EXTI0_IRQHandler                         0x080007ab   Thumb Code     0  startup_stm32f411xe_1.o(.text)
    EXTI15_10_IRQHandler                     0x080007ab   Thumb Code     0  startup_stm32f411xe_1.o(.text)
    EXTI1_IRQHandler                         0x080007ab   Thumb Code     0  startup_stm32f411xe_1.o(.text)
    EXTI2_IRQHandler                         0x080007ab   Thumb Code     0  startup_stm32f411xe_1.o(.text)
    EXTI3_IRQHandler                         0x080007ab   Thumb Code     0  startup_stm32f411xe_1.o(.text)
    EXTI4_IRQHandler                         0x080007ab   Thumb Code     0  startup_stm32f411xe_1.o(.text)
    EXTI9_5_IRQHandler                       0x080007ab   Thumb Code     0  startup_stm32f411xe_1.o(.text)
    FLASH_IRQHandler                         0x080007ab   Thumb Code     0  startup_stm32f411xe_1.o(.text)
    FPU_IRQHandler                           0x080007ab   Thumb Code     0  startup_stm32f411xe_1.o(.text)
    I2C1_ER_IRQHandler                       0x080007ab   Thumb Code     0  startup_stm32f411xe_1.o(.text)
    I2C1_EV_IRQHandler                       0x080007ab   Thumb Code     0  startup_stm32f411xe_1.o(.text)
    I2C2_ER_IRQHandler                       0x080007ab   Thumb Code     0  startup_stm32f411xe_1.o(.text)
    I2C2_EV_IRQHandler                       0x080007ab   Thumb Code     0  startup_stm32f411xe_1.o(.text)
    I2C3_ER_IRQHandler                       0x080007ab   Thumb Code     0  startup_stm32f411xe_1.o(.text)
    I2C3_EV_IRQHandler                       0x080007ab   Thumb Code     0  startup_stm32f411xe_1.o(.text)
    OTG_FS_IRQHandler                        0x080007ab   Thumb Code     0  startup_stm32f411xe_1.o(.text)
    OTG_FS_WKUP_IRQHandler                   0x080007ab   Thumb Code     0  startup_stm32f411xe_1.o(.text)
    PVD_IRQHandler                           0x080007ab   Thumb Code     0  startup_stm32f411xe_1.o(.text)
    RCC_IRQHandler                           0x080007ab   Thumb Code     0  startup_stm32f411xe_1.o(.text)
    RTC_Alarm_IRQHandler                     0x080007ab   Thumb Code     0  startup_stm32f411xe_1.o(.text)
    RTC_WKUP_IRQHandler                      0x080007ab   Thumb Code     0  startup_stm32f411xe_1.o(.text)
    SDIO_IRQHandler                          0x080007ab   Thumb Code     0  startup_stm32f411xe_1.o(.text)
    SPI1_IRQHandler                          0x080007ab   Thumb Code     0  startup_stm32f411xe_1.o(.text)
    SPI2_IRQHandler                          0x080007ab   Thumb Code     0  startup_stm32f411xe_1.o(.text)
    SPI3_IRQHandler                          0x080007ab   Thumb Code     0  startup_stm32f411xe_1.o(.text)
    SPI4_IRQHandler                          0x080007ab   Thumb Code     0  startup_stm32f411xe_1.o(.text)
    SPI5_IRQHandler                          0x080007ab   Thumb Code     0  startup_stm32f411xe_1.o(.text)
    TAMP_STAMP_IRQHandler                    0x080007ab   Thumb Code     0  startup_stm32f411xe_1.o(.text)
    TIM1_BRK_TIM9_IRQHandler                 0x080007ab   Thumb Code     0  startup_stm32f411xe_1.o(.text)
    TIM1_CC_IRQHandler                       0x080007ab   Thumb Code     0  startup_stm32f411xe_1.o(.text)
    TIM1_TRG_COM_TIM11_IRQHandler            0x080007ab   Thumb Code     0  startup_stm32f411xe_1.o(.text)
    TIM1_UP_TIM10_IRQHandler                 0x080007ab   Thumb Code     0  startup_stm32f411xe_1.o(.text)
    TIM2_IRQHandler                          0x080007ab   Thumb Code     0  startup_stm32f411xe_1.o(.text)
    TIM3_IRQHandler                          0x080007ab   Thumb Code     0  startup_stm32f411xe_1.o(.text)
    TIM4_IRQHandler                          0x080007ab   Thumb Code     0  startup_stm32f411xe_1.o(.text)
    TIM5_IRQHandler                          0x080007ab   Thumb Code     0  startup_stm32f411xe_1.o(.text)
    USART6_IRQHandler                        0x080007ab   Thumb Code     0  startup_stm32f411xe_1.o(.text)
    WWDG_IRQHandler                          0x080007ab   Thumb Code     0  startup_stm32f411xe_1.o(.text)
    __aeabi_uldivmod                         0x080007b5   Thumb Code    98  uldiv.o(.text)
    __aeabi_memcpy                           0x08000817   Thumb Code    36  memcpya.o(.text)
    __aeabi_memcpy4                          0x08000817   Thumb Code     0  memcpya.o(.text)
    __aeabi_memcpy8                          0x08000817   Thumb Code     0  memcpya.o(.text)
    __aeabi_memset                           0x0800083b   Thumb Code    14  memseta.o(.text)
    __aeabi_memset4                          0x0800083b   Thumb Code     0  memseta.o(.text)
    __aeabi_memset8                          0x0800083b   Thumb Code     0  memseta.o(.text)
    __aeabi_memclr                           0x08000849   Thumb Code     4  memseta.o(.text)
    __aeabi_memclr4                          0x08000849   Thumb Code     0  memseta.o(.text)
    __aeabi_memclr8                          0x08000849   Thumb Code     0  memseta.o(.text)
    _memset$wrapper                          0x0800084d   Thumb Code    18  memseta.o(.text)
    strlen                                   0x0800085f   Thumb Code    14  strlen.o(.text)
    __aeabi_llsl                             0x0800086d   Thumb Code    30  llshl.o(.text)
    _ll_shift_l                              0x0800086d   Thumb Code     0  llshl.o(.text)
    __aeabi_llsr                             0x0800088b   Thumb Code    32  llushr.o(.text)
    _ll_ushift_r                             0x0800088b   Thumb Code     0  llushr.o(.text)
    __scatterload                            0x080008ad   Thumb Code    28  init.o(.text)
    __scatterload_rt2                        0x080008ad   Thumb Code     0  init.o(.text)
    __decompress                             0x080008d1   Thumb Code     0  __dczerorl.o(.text)
    __decompress0                            0x080008d1   Thumb Code    58  __dczerorl.o(.text)
    BusFault_Handler                         0x0800090b   Thumb Code     2  stm32f4xx_it.o(i.BusFault_Handler)
    DebugMon_Handler                         0x0800090d   Thumb Code     2  stm32f4xx_it.o(i.DebugMon_Handler)
    EvrRtxDelayCompleted                     0x0800090f   Thumb Code     2  rtx_evr.o(i.EvrRtxDelayCompleted)
    EvrRtxEventFlagsWaitTimeout              0x08000911   Thumb Code     2  rtx_evr.o(i.EvrRtxEventFlagsWaitTimeout)
    EvrRtxKernelError                        0x08000913   Thumb Code     2  rtx_evr.o(i.EvrRtxKernelError)
    EvrRtxKernelGetInfo                      0x08000915   Thumb Code     2  rtx_evr.o(i.EvrRtxKernelGetInfo)
    EvrRtxKernelGetState                     0x08000917   Thumb Code     2  rtx_evr.o(i.EvrRtxKernelGetState)
    EvrRtxKernelInfoRetrieved                0x08000919   Thumb Code     2  rtx_evr.o(i.EvrRtxKernelInfoRetrieved)
    EvrRtxKernelInitialize                   0x0800091b   Thumb Code     2  rtx_evr.o(i.EvrRtxKernelInitialize)
    EvrRtxKernelInitialized                  0x0800091d   Thumb Code     2  rtx_evr.o(i.EvrRtxKernelInitialized)
    EvrRtxKernelStart                        0x0800091f   Thumb Code     2  rtx_evr.o(i.EvrRtxKernelStart)
    EvrRtxKernelStarted                      0x08000921   Thumb Code     2  rtx_evr.o(i.EvrRtxKernelStarted)
    EvrRtxMemoryAlloc                        0x08000923   Thumb Code     2  rtx_evr.o(i.EvrRtxMemoryAlloc)
    EvrRtxMemoryBlockAlloc                   0x08000925   Thumb Code     2  rtx_evr.o(i.EvrRtxMemoryBlockAlloc)
    EvrRtxMemoryBlockFree                    0x08000927   Thumb Code     2  rtx_evr.o(i.EvrRtxMemoryBlockFree)
    EvrRtxMemoryBlockInit                    0x08000929   Thumb Code     2  rtx_evr.o(i.EvrRtxMemoryBlockInit)
    EvrRtxMemoryFree                         0x0800092b   Thumb Code     2  rtx_evr.o(i.EvrRtxMemoryFree)
    EvrRtxMemoryInit                         0x0800092d   Thumb Code     2  rtx_evr.o(i.EvrRtxMemoryInit)
    EvrRtxMemoryPoolAllocTimeout             0x0800092f   Thumb Code     2  rtx_evr.o(i.EvrRtxMemoryPoolAllocTimeout)
    EvrRtxMessageQueueCreated                0x08000931   Thumb Code     2  rtx_evr.o(i.EvrRtxMessageQueueCreated)
    EvrRtxMessageQueueError                  0x08000933   Thumb Code     2  rtx_evr.o(i.EvrRtxMessageQueueError)
    EvrRtxMessageQueueGet                    0x08000935   Thumb Code     2  rtx_evr.o(i.EvrRtxMessageQueueGet)
    EvrRtxMessageQueueGetPending             0x08000937   Thumb Code     2  rtx_evr.o(i.EvrRtxMessageQueueGetPending)
    EvrRtxMessageQueueGetTimeout             0x08000939   Thumb Code     2  rtx_evr.o(i.EvrRtxMessageQueueGetTimeout)
    EvrRtxMessageQueueInsertPending          0x0800093b   Thumb Code     2  rtx_evr.o(i.EvrRtxMessageQueueInsertPending)
    EvrRtxMessageQueueInserted               0x0800093d   Thumb Code     2  rtx_evr.o(i.EvrRtxMessageQueueInserted)
    EvrRtxMessageQueueNew                    0x0800093f   Thumb Code     2  rtx_evr.o(i.EvrRtxMessageQueueNew)
    EvrRtxMessageQueueNotInserted            0x08000941   Thumb Code     2  rtx_evr.o(i.EvrRtxMessageQueueNotInserted)
    EvrRtxMessageQueueNotRetrieved           0x08000943   Thumb Code     2  rtx_evr.o(i.EvrRtxMessageQueueNotRetrieved)
    EvrRtxMessageQueuePut                    0x08000945   Thumb Code     2  rtx_evr.o(i.EvrRtxMessageQueuePut)
    EvrRtxMessageQueuePutPending             0x08000947   Thumb Code     2  rtx_evr.o(i.EvrRtxMessageQueuePutPending)
    EvrRtxMessageQueuePutTimeout             0x08000949   Thumb Code     2  rtx_evr.o(i.EvrRtxMessageQueuePutTimeout)
    EvrRtxMessageQueueRetrieved              0x0800094b   Thumb Code     2  rtx_evr.o(i.EvrRtxMessageQueueRetrieved)
    EvrRtxMutexAcquireTimeout                0x0800094d   Thumb Code     2  rtx_evr.o(i.EvrRtxMutexAcquireTimeout)
    EvrRtxMutexAcquired                      0x0800094f   Thumb Code     2  rtx_evr.o(i.EvrRtxMutexAcquired)
    EvrRtxMutexReleased                      0x08000951   Thumb Code     2  rtx_evr.o(i.EvrRtxMutexReleased)
    EvrRtxSemaphoreAcquireTimeout            0x08000953   Thumb Code     2  rtx_evr.o(i.EvrRtxSemaphoreAcquireTimeout)
    EvrRtxThreadBlocked                      0x08000955   Thumb Code     2  rtx_evr.o(i.EvrRtxThreadBlocked)
    EvrRtxThreadCreated                      0x08000957   Thumb Code     2  rtx_evr.o(i.EvrRtxThreadCreated)
    EvrRtxThreadDestroyed                    0x08000959   Thumb Code     2  rtx_evr.o(i.EvrRtxThreadDestroyed)
    EvrRtxThreadError                        0x0800095b   Thumb Code     2  rtx_evr.o(i.EvrRtxThreadError)
    EvrRtxThreadExit                         0x0800095d   Thumb Code     2  rtx_evr.o(i.EvrRtxThreadExit)
    EvrRtxThreadFlagsWaitCompleted           0x0800095f   Thumb Code     2  rtx_evr.o(i.EvrRtxThreadFlagsWaitCompleted)
    EvrRtxThreadFlagsWaitTimeout             0x08000961   Thumb Code     2  rtx_evr.o(i.EvrRtxThreadFlagsWaitTimeout)
    EvrRtxThreadJoined                       0x08000963   Thumb Code     2  rtx_evr.o(i.EvrRtxThreadJoined)
    EvrRtxThreadNew                          0x08000965   Thumb Code     2  rtx_evr.o(i.EvrRtxThreadNew)
    EvrRtxThreadPreempted                    0x08000967   Thumb Code     2  rtx_evr.o(i.EvrRtxThreadPreempted)
    EvrRtxThreadSwitched                     0x08000969   Thumb Code     2  rtx_evr.o(i.EvrRtxThreadSwitched)
    EvrRtxThreadUnblocked                    0x0800096b   Thumb Code     2  rtx_evr.o(i.EvrRtxThreadUnblocked)
    EvrRtxTimerCallback                      0x0800096d   Thumb Code     2  rtx_evr.o(i.EvrRtxTimerCallback)
    HAL_DMA_Abort_IT                         0x0800096f   Thumb Code    36  stm32f4xx_hal_dma.o(i.HAL_DMA_Abort_IT)
    HAL_GPIO_Init                            0x08000995   Thumb Code   370  stm32f4xx_hal_gpio.o(i.HAL_GPIO_Init)
    HAL_GPIO_WritePin                        0x08000b29   Thumb Code    10  stm32f4xx_hal_gpio.o(i.HAL_GPIO_WritePin)
    HAL_GetTick                              0x08000b35   Thumb Code     6  stm32f4xx_hal.o(i.HAL_GetTick)
    HAL_Init                                 0x08000b41   Thumb Code    48  stm32f4xx_hal.o(i.HAL_Init)
    HAL_InitTick                             0x08000b75   Thumb Code    54  stm32f4xx_hal.o(i.HAL_InitTick)
    HAL_MspInit                              0x08000bb5   Thumb Code    42  stm32f4xx_hal_msp.o(i.HAL_MspInit)
    HAL_NVIC_EnableIRQ                       0x08000be5   Thumb Code    26  stm32f4xx_hal_cortex.o(i.HAL_NVIC_EnableIRQ)
    HAL_NVIC_SetPriority                     0x08000c01   Thumb Code    60  stm32f4xx_hal_cortex.o(i.HAL_NVIC_SetPriority)
    HAL_NVIC_SetPriorityGrouping             0x08000c41   Thumb Code    26  stm32f4xx_hal_cortex.o(i.HAL_NVIC_SetPriorityGrouping)
    HAL_RCC_ClockConfig                      0x08000c65   Thumb Code   288  stm32f4xx_hal_rcc.o(i.HAL_RCC_ClockConfig)
    HAL_RCC_GetPCLK1Freq                     0x08000d99   Thumb Code    20  stm32f4xx_hal_rcc.o(i.HAL_RCC_GetPCLK1Freq)
    HAL_RCC_GetPCLK2Freq                     0x08000db9   Thumb Code    20  stm32f4xx_hal_rcc.o(i.HAL_RCC_GetPCLK2Freq)
    HAL_RCC_GetSysClockFreq                  0x08000dd9   Thumb Code    88  stm32f4xx_hal_rcc.o(i.HAL_RCC_GetSysClockFreq)
    HAL_RCC_OscConfig                        0x08000e39   Thumb Code   834  stm32f4xx_hal_rcc.o(i.HAL_RCC_OscConfig)
    HAL_SYSTICK_Config                       0x08001195   Thumb Code    40  stm32f4xx_hal_cortex.o(i.HAL_SYSTICK_Config)
    HAL_UART_ErrorCallback                   0x080011bd   Thumb Code     2  stm32f4xx_hal_uart.o(i.HAL_UART_ErrorCallback)
    HAL_UART_IRQHandler                      0x080011c1   Thumb Code   270  stm32f4xx_hal_uart.o(i.HAL_UART_IRQHandler)
    HAL_UART_Init                            0x080012d5   Thumb Code    98  stm32f4xx_hal_uart.o(i.HAL_UART_Init)
    HAL_UART_MspInit                         0x08001339   Thumb Code   170  stm32f4xx_hal_msp.o(i.HAL_UART_MspInit)
    HAL_UART_RxCpltCallback                  0x080013f5   Thumb Code     2  stm32f4xx_hal_uart.o(i.HAL_UART_RxCpltCallback)
    HAL_UART_Transmit                        0x080013f7   Thumb Code   186  stm32f4xx_hal_uart.o(i.HAL_UART_Transmit)
    HAL_UART_TxCpltCallback                  0x080014b1   Thumb Code     2  stm32f4xx_hal_uart.o(i.HAL_UART_TxCpltCallback)
    HardFault_Handler                        0x080014b3   Thumb Code     2  stm32f4xx_it.o(i.HardFault_Handler)
    MemManage_Handler                        0x080015a9   Thumb Code     2  stm32f4xx_it.o(i.MemManage_Handler)
    NMI_Handler                              0x0800162d   Thumb Code     2  stm32f4xx_it.o(i.NMI_Handler)
    OS_Tick_AcknowledgeIRQ                   0x0800162f   Thumb Code     8  os_systick.o(i.OS_Tick_AcknowledgeIRQ)
    OS_Tick_Enable                           0x08001639   Thumb Code    32  os_systick.o(i.OS_Tick_Enable)
    OS_Tick_GetIRQn                          0x08001661   Thumb Code     6  os_systick.o(i.OS_Tick_GetIRQn)
    OS_Tick_Setup                            0x08001669   Thumb Code    52  os_systick.o(i.OS_Tick_Setup)
    SystemClock_Config                       0x080016a9   Thumb Code   120  main.o(i.SystemClock_Config)
    SystemInit                               0x08001729   Thumb Code    66  system_stm32f4xx_1.o(i.SystemInit)
    USART1_IRQHandler                        0x08001a99   Thumb Code     6  stm32f4xx_it.o(i.USART1_IRQHandler)
    USART2_IRQHandler                        0x08001aa5   Thumb Code     6  stm32f4xx_it.o(i.USART2_IRQHandler)
    UsageFault_Handler                       0x08001ab1   Thumb Code     2  stm32f4xx_it.o(i.UsageFault_Handler)
    __0printf$8                              0x08001ab5   Thumb Code    22  printf8.o(i.__0printf$8)
    __1printf$8                              0x08001ab5   Thumb Code     0  printf8.o(i.__0printf$8)
    __2printf                                0x08001ab5   Thumb Code     0  printf8.o(i.__0printf$8)
    __scatterload_copy                       0x08001af5   Thumb Code    14  handlers.o(i.__scatterload_copy)
    __scatterload_null                       0x08001b03   Thumb Code     2  handlers.o(i.__scatterload_null)
    __scatterload_zeroinit                   0x08001b05   Thumb Code    14  handlers.o(i.__scatterload_zeroinit)
    app_main                                 0x08001f79   Thumb Code     8  main.o(i.app_main)
    fputc                                    0x08001f95   Thumb Code    20  main.o(i.fputc)
    info                                     0x08001fad   Thumb Code    80  main.o(i.info)
    main                                     0x08002099   Thumb Code   128  main.o(i.main)
    osKernelGetInfo                          0x08002175   Thumb Code    64  rtx_kernel.o(i.osKernelGetInfo)
    osKernelGetState                         0x080021b9   Thumb Code    42  rtx_kernel.o(i.osKernelGetState)
    osKernelInitialize                       0x080021e9   Thumb Code    44  rtx_kernel.o(i.osKernelInitialize)
    osKernelStart                            0x08002219   Thumb Code    40  rtx_kernel.o(i.osKernelStart)
    osMessageQueueGet                        0x08002245   Thumb Code   136  rtx_msgqueue.o(i.osMessageQueueGet)
    osMessageQueueNew                        0x080022d1   Thumb Code    52  rtx_msgqueue.o(i.osMessageQueueNew)
    osMessageQueuePut                        0x08002309   Thumb Code   146  rtx_msgqueue.o(i.osMessageQueuePut)
    osRtxErrorNotify                         0x080023a1   Thumb Code     2  rtx_config.o(i.osRtxErrorNotify)
    osRtxIdleThread                          0x080023a3   Thumb Code     2  rtx_config.o(i.osRtxIdleThread)
    osRtxKernelPreInit                       0x080023a5   Thumb Code     2  rtx_kernel.o(i.osRtxKernelPreInit)
    osRtxMemoryAlloc                         0x080023a7   Thumb Code   128  rtx_memory.o(i.osRtxMemoryAlloc)
    osRtxMemoryFree                          0x08002427   Thumb Code    72  rtx_memory.o(i.osRtxMemoryFree)
    osRtxMemoryInit                          0x0800246f   Thumb Code    60  rtx_memory.o(i.osRtxMemoryInit)
    osRtxMemoryPoolAlloc                     0x080024ab   Thumb Code    48  rtx_mempool.o(i.osRtxMemoryPoolAlloc)
    osRtxMemoryPoolFree                      0x080024db   Thumb Code    64  rtx_mempool.o(i.osRtxMemoryPoolFree)
    osRtxMemoryPoolInit                      0x0800251b   Thumb Code    70  rtx_mempool.o(i.osRtxMemoryPoolInit)
    osRtxMutexOwnerRelease                   0x0800264d   Thumb Code    86  rtx_mutex.o(i.osRtxMutexOwnerRelease)
    osRtxPendSV_Handler                      0x080026a5   Thumb Code    94  rtx_system.o(i.osRtxPendSV_Handler)
    osRtxPostProcess                         0x08002709   Thumb Code    72  rtx_system.o(i.osRtxPostProcess)
    osRtxThreadDelayTick                     0x08002831   Thumb Code   188  rtx_thread.o(i.osRtxThreadDelayTick)
    osRtxThreadDispatch                      0x080028f1   Thumb Code    88  rtx_thread.o(i.osRtxThreadDispatch)
    osRtxThreadListGet                       0x080029a1   Thumb Code    20  rtx_thread.o(i.osRtxThreadListGet)
    osRtxThreadListPut                       0x080029b5   Thumb Code    36  rtx_thread.o(i.osRtxThreadListPut)
    osRtxThreadListRemove                    0x080029d9   Thumb Code    24  rtx_thread.o(i.osRtxThreadListRemove)
    osRtxThreadReadyPut                      0x08002a35   Thumb Code    12  rtx_thread.o(i.osRtxThreadReadyPut)
    osRtxThreadRegPtr                        0x08002a45   Thumb Code    20  rtx_thread.o(i.osRtxThreadRegPtr)
    osRtxThreadStackCheck                    0x08002a59   Thumb Code    32  rtx_thread.o(i.osRtxThreadStackCheck)
    osRtxThreadStartup                       0x08002a81   Thumb Code    44  rtx_thread.o(i.osRtxThreadStartup)
    osRtxThreadSwitch                        0x08002abd   Thumb Code    26  rtx_thread.o(i.osRtxThreadSwitch)
    osRtxThreadWaitEnter                     0x08002add   Thumb Code    58  rtx_thread.o(i.osRtxThreadWaitEnter)
    osRtxThreadWaitExit                      0x08002b1d   Thumb Code    46  rtx_thread.o(i.osRtxThreadWaitExit)
    osRtxTick_Handler                        0x08002b4d   Thumb Code   116  rtx_system.o(i.osRtxTick_Handler)
    osRtxTimerThread                         0x08002bc5   Thumb Code    58  rtx_timer.o(i.osRtxTimerThread)
    osThreadExit                             0x08002c69   Thumb Code    22  rtx_thread.o(i.osThreadExit)
    osThreadNew                              0x08002c85   Thumb Code    52  rtx_thread.o(i.osThreadNew)
    osRtxUserSVC                             0x080034bc   Data           4  rtx_lib.o(.constdata)
    AHBPrescTable                            0x080034c0   Data          16  system_stm32f4xx_1.o(.constdata)
    APBPrescTable                            0x080034d0   Data           8  system_stm32f4xx_1.o(.constdata)
    osRtxConfig                              0x080034e4   Data         104  rtx_lib.o(.rodata)
    os_cb_sections                           0x0800354c   Data          56  rtx_lib.o(.rodata)
    Region$$Table$$Base                      0x08003584   Number         0  anon$$obj.o(Region$$Table)
    Region$$Table$$Limit                     0x080035a4   Number         0  anon$$obj.o(Region$$Table)
    .bss.os.msgqueue.cb$$Base                0x20001040   Number         0  rtx_lib.o(.bss.os.msgqueue.cb)
    .bss.os.msgqueue.cb$$Limit               0x20001074   Number         0  rtx_lib.o(.bss.os.msgqueue.cb)
    .bss.os.thread.cb$$Base                  0x200010c4   Number         0  rtx_lib.o(.bss.os.thread.cb)
    .bss.os.thread.cb$$Limit                 0x2000114c   Number         0  rtx_lib.o(.bss.os.thread.cb)
    uwTickFreq                               0x20001350   Data           1  stm32f4xx_hal.o(.data)
    uwTickPrio                               0x20001354   Data           4  stm32f4xx_hal.o(.data)
    uwTick                                   0x20001358   Data           4  stm32f4xx_hal.o(.data)
    SystemCoreClock                          0x20001360   Data           4  system_stm32f4xx_1.o(.data)
    __stdout                                 0x20001364   Data           4  stdout.o(.data)
    osRtxInfo                                0x20001368   Data         164  rtx_kernel.o(.data.os)
    huart1                                   0x2000140c   Data          64  main.o(.bss)
    huart2                                   0x2000144c   Data          64  main.o(.bss)
    __initial_sp                             0x20001890   Data           0  startup_stm32f411xe_1.o(STACK)



==============================================================================

Memory Map of the image

  Image Entry point : 0x08000199

  Load Region LR_IROM1 (Base: 0x08000000, Size: 0x000049b0, Max: 0x00080000, ABSOLUTE, COMPRESSED[0x000035e0])

    Execution Region ER_IROM1 (Exec base: 0x08000000, Load base: 0x08000000, Size: 0x000035a4, Max: 0x00080000, ABSOLUTE)

    Exec Addr    Load Addr    Size         Type   Attr      Idx    E Section Name        Object

    0x08000000   0x08000000   0x00000198   Data   RO         5739    RESET               startup_stm32f411xe_1.o
    0x08000198   0x08000198   0x00000000   Code   RO         5782  * .ARM.Collect$$$$00000000  mc_w.l(entry.o)
    0x08000198   0x08000198   0x00000004   Code   RO         6060    .ARM.Collect$$$$00000001  mc_w.l(entry2.o)
    0x0800019c   0x0800019c   0x00000004   Code   RO         6063    .ARM.Collect$$$$00000004  mc_w.l(entry5.o)
    0x080001a0   0x080001a0   0x00000000   Code   RO         6065    .ARM.Collect$$$$00000008  mc_w.l(entry7b.o)
    0x080001a0   0x080001a0   0x00000000   Code   RO         6067    .ARM.Collect$$$$0000000A  mc_w.l(entry8b.o)
    0x080001a0   0x080001a0   0x00000008   Code   RO         6068    .ARM.Collect$$$$0000000B  mc_w.l(entry9a.o)
    0x080001a8   0x080001a8   0x00000000   Code   RO         6070    .ARM.Collect$$$$0000000D  mc_w.l(entry10a.o)
    0x080001a8   0x080001a8   0x00000000   Code   RO         6072    .ARM.Collect$$$$0000000F  mc_w.l(entry11a.o)
    0x080001a8   0x080001a8   0x00000004   Code   RO         6061    .ARM.Collect$$$$00002712  mc_w.l(entry2.o)
    0x080001ac   0x080001ac   0x00000148   Code   RO         3417    .emb_text           rtx_mempool.o
    0x080002f4   0x080002f4   0x00000148   Code   RO         3574    .emb_text           rtx_msgqueue.o
    0x0800043c   0x0800043c   0x00000148   Code   RO         3965    .emb_text           rtx_system.o
    0x08000584   0x08000584   0x00000148   Code   RO         4011    .emb_text           rtx_thread.o
    0x080006cc   0x080006cc   0x000000c4   Code   RO         1858    .text               irq_cm4f.o
    0x08000790   0x08000790   0x00000024   Code   RO         5740    .text               startup_stm32f411xe_1.o
    0x080007b4   0x080007b4   0x00000062   Code   RO         5785    .text               mc_w.l(uldiv.o)
    0x08000816   0x08000816   0x00000024   Code   RO         5787    .text               mc_w.l(memcpya.o)
    0x0800083a   0x0800083a   0x00000024   Code   RO         5789    .text               mc_w.l(memseta.o)
    0x0800085e   0x0800085e   0x0000000e   Code   RO         5791    .text               mc_w.l(strlen.o)
    0x0800086c   0x0800086c   0x0000001e   Code   RO         6077    .text               mc_w.l(llshl.o)
    0x0800088a   0x0800088a   0x00000020   Code   RO         6079    .text               mc_w.l(llushr.o)
    0x080008aa   0x080008aa   0x00000002   PAD
    0x080008ac   0x080008ac   0x00000024   Code   RO         6129    .text               mc_w.l(init.o)
    0x080008d0   0x080008d0   0x0000003a   Code   RO         6145    .text               mc_w.l(__dczerorl.o)
    0x0800090a   0x0800090a   0x00000002   Code   RO          182    i.BusFault_Handler  stm32f4xx_it.o
    0x0800090c   0x0800090c   0x00000002   Code   RO          183    i.DebugMon_Handler  stm32f4xx_it.o
    0x0800090e   0x0800090e   0x00000002   Code   RO         2078    i.EvrRtxDelayCompleted  rtx_evr.o
    0x08000910   0x08000910   0x00000002   Code   RO         2098    i.EvrRtxEventFlagsWaitTimeout  rtx_evr.o
    0x08000912   0x08000912   0x00000002   Code   RO         2099    i.EvrRtxKernelError  rtx_evr.o
    0x08000914   0x08000914   0x00000002   Code   RO         2100    i.EvrRtxKernelGetInfo  rtx_evr.o
    0x08000916   0x08000916   0x00000002   Code   RO         2101    i.EvrRtxKernelGetState  rtx_evr.o
    0x08000918   0x08000918   0x00000002   Code   RO         2106    i.EvrRtxKernelInfoRetrieved  rtx_evr.o
    0x0800091a   0x0800091a   0x00000002   Code   RO         2107    i.EvrRtxKernelInitialize  rtx_evr.o
    0x0800091c   0x0800091c   0x00000002   Code   RO         2108    i.EvrRtxKernelInitialized  rtx_evr.o
    0x0800091e   0x0800091e   0x00000002   Code   RO         2115    i.EvrRtxKernelStart  rtx_evr.o
    0x08000920   0x08000920   0x00000002   Code   RO         2116    i.EvrRtxKernelStarted  rtx_evr.o
    0x08000922   0x08000922   0x00000002   Code   RO         2121    i.EvrRtxMemoryAlloc  rtx_evr.o
    0x08000924   0x08000924   0x00000002   Code   RO         2122    i.EvrRtxMemoryBlockAlloc  rtx_evr.o
    0x08000926   0x08000926   0x00000002   Code   RO         2123    i.EvrRtxMemoryBlockFree  rtx_evr.o
    0x08000928   0x08000928   0x00000002   Code   RO         2124    i.EvrRtxMemoryBlockInit  rtx_evr.o
    0x0800092a   0x0800092a   0x00000002   Code   RO         2125    i.EvrRtxMemoryFree  rtx_evr.o
    0x0800092c   0x0800092c   0x00000002   Code   RO         2126    i.EvrRtxMemoryInit  rtx_evr.o
    0x0800092e   0x0800092e   0x00000002   Code   RO         2130    i.EvrRtxMemoryPoolAllocTimeout  rtx_evr.o
    0x08000930   0x08000930   0x00000002   Code   RO         2145    i.EvrRtxMessageQueueCreated  rtx_evr.o
    0x08000932   0x08000932   0x00000002   Code   RO         2148    i.EvrRtxMessageQueueError  rtx_evr.o
    0x08000934   0x08000934   0x00000002   Code   RO         2149    i.EvrRtxMessageQueueGet  rtx_evr.o
    0x08000936   0x08000936   0x00000002   Code   RO         2154    i.EvrRtxMessageQueueGetPending  rtx_evr.o
    0x08000938   0x08000938   0x00000002   Code   RO         2156    i.EvrRtxMessageQueueGetTimeout  rtx_evr.o
    0x0800093a   0x0800093a   0x00000002   Code   RO         2157    i.EvrRtxMessageQueueInsertPending  rtx_evr.o
    0x0800093c   0x0800093c   0x00000002   Code   RO         2158    i.EvrRtxMessageQueueInserted  rtx_evr.o
    0x0800093e   0x0800093e   0x00000002   Code   RO         2159    i.EvrRtxMessageQueueNew  rtx_evr.o
    0x08000940   0x08000940   0x00000002   Code   RO         2160    i.EvrRtxMessageQueueNotInserted  rtx_evr.o
    0x08000942   0x08000942   0x00000002   Code   RO         2161    i.EvrRtxMessageQueueNotRetrieved  rtx_evr.o
    0x08000944   0x08000944   0x00000002   Code   RO         2162    i.EvrRtxMessageQueuePut  rtx_evr.o
    0x08000946   0x08000946   0x00000002   Code   RO         2163    i.EvrRtxMessageQueuePutPending  rtx_evr.o
    0x08000948   0x08000948   0x00000002   Code   RO         2164    i.EvrRtxMessageQueuePutTimeout  rtx_evr.o
    0x0800094a   0x0800094a   0x00000002   Code   RO         2167    i.EvrRtxMessageQueueRetrieved  rtx_evr.o
    0x0800094c   0x0800094c   0x00000002   Code   RO         2170    i.EvrRtxMutexAcquireTimeout  rtx_evr.o
    0x0800094e   0x0800094e   0x00000002   Code   RO         2171    i.EvrRtxMutexAcquired  rtx_evr.o
    0x08000950   0x08000950   0x00000002   Code   RO         2181    i.EvrRtxMutexReleased  rtx_evr.o
    0x08000952   0x08000952   0x00000002   Code   RO         2184    i.EvrRtxSemaphoreAcquireTimeout  rtx_evr.o
    0x08000954   0x08000954   0x00000002   Code   RO         2196    i.EvrRtxThreadBlocked  rtx_evr.o
    0x08000956   0x08000956   0x00000002   Code   RO         2197    i.EvrRtxThreadCreated  rtx_evr.o
    0x08000958   0x08000958   0x00000002   Code   RO         2198    i.EvrRtxThreadDestroyed  rtx_evr.o
    0x0800095a   0x0800095a   0x00000002   Code   RO         2202    i.EvrRtxThreadError  rtx_evr.o
    0x0800095c   0x0800095c   0x00000002   Code   RO         2203    i.EvrRtxThreadExit  rtx_evr.o
    0x0800095e   0x0800095e   0x00000002   Code   RO         2211    i.EvrRtxThreadFlagsWaitCompleted  rtx_evr.o
    0x08000960   0x08000960   0x00000002   Code   RO         2214    i.EvrRtxThreadFlagsWaitTimeout  rtx_evr.o
    0x08000962   0x08000962   0x00000002   Code   RO         2224    i.EvrRtxThreadJoined  rtx_evr.o
    0x08000964   0x08000964   0x00000002   Code   RO         2225    i.EvrRtxThreadNew   rtx_evr.o
    0x08000966   0x08000966   0x00000002   Code   RO         2226    i.EvrRtxThreadPreempted  rtx_evr.o
    0x08000968   0x08000968   0x00000002   Code   RO         2233    i.EvrRtxThreadSwitched  rtx_evr.o
    0x0800096a   0x0800096a   0x00000002   Code   RO         2235    i.EvrRtxThreadUnblocked  rtx_evr.o
    0x0800096c   0x0800096c   0x00000002   Code   RO         2237    i.EvrRtxTimerCallback  rtx_evr.o
    0x0800096e   0x0800096e   0x00000024   Code   RO         1167    i.HAL_DMA_Abort_IT  stm32f4xx_hal_dma.o
    0x08000992   0x08000992   0x00000002   PAD
    0x08000994   0x08000994   0x00000194   Code   RO         1059    i.HAL_GPIO_Init     stm32f4xx_hal_gpio.o
    0x08000b28   0x08000b28   0x0000000a   Code   RO         1063    i.HAL_GPIO_WritePin  stm32f4xx_hal_gpio.o
    0x08000b32   0x08000b32   0x00000002   PAD
    0x08000b34   0x08000b34   0x0000000c   Code   RO         1615    i.HAL_GetTick       stm32f4xx_hal.o
    0x08000b40   0x08000b40   0x00000034   Code   RO         1622    i.HAL_Init          stm32f4xx_hal.o
    0x08000b74   0x08000b74   0x00000040   Code   RO         1623    i.HAL_InitTick      stm32f4xx_hal.o
    0x08000bb4   0x08000bb4   0x00000030   Code   RO          252    i.HAL_MspInit       stm32f4xx_hal_msp.o
    0x08000be4   0x08000be4   0x0000001a   Code   RO         1472    i.HAL_NVIC_EnableIRQ  stm32f4xx_hal_cortex.o
    0x08000bfe   0x08000bfe   0x00000002   PAD
    0x08000c00   0x08000c00   0x00000040   Code   RO         1478    i.HAL_NVIC_SetPriority  stm32f4xx_hal_cortex.o
    0x08000c40   0x08000c40   0x00000024   Code   RO         1479    i.HAL_NVIC_SetPriorityGrouping  stm32f4xx_hal_cortex.o
    0x08000c64   0x08000c64   0x00000134   Code   RO          651    i.HAL_RCC_ClockConfig  stm32f4xx_hal_rcc.o
    0x08000d98   0x08000d98   0x00000020   Code   RO          658    i.HAL_RCC_GetPCLK1Freq  stm32f4xx_hal_rcc.o
    0x08000db8   0x08000db8   0x00000020   Code   RO          659    i.HAL_RCC_GetPCLK2Freq  stm32f4xx_hal_rcc.o
    0x08000dd8   0x08000dd8   0x00000060   Code   RO          660    i.HAL_RCC_GetSysClockFreq  stm32f4xx_hal_rcc.o
    0x08000e38   0x08000e38   0x0000035c   Code   RO          663    i.HAL_RCC_OscConfig  stm32f4xx_hal_rcc.o
    0x08001194   0x08001194   0x00000028   Code   RO         1483    i.HAL_SYSTICK_Config  stm32f4xx_hal_cortex.o
    0x080011bc   0x080011bc   0x00000002   Code   RO          345    i.HAL_UART_ErrorCallback  stm32f4xx_hal_uart.o
    0x080011be   0x080011be   0x00000002   PAD
    0x080011c0   0x080011c0   0x00000114   Code   RO          348    i.HAL_UART_IRQHandler  stm32f4xx_hal_uart.o
    0x080012d4   0x080012d4   0x00000062   Code   RO          349    i.HAL_UART_Init     stm32f4xx_hal_uart.o
    0x08001336   0x08001336   0x00000002   PAD
    0x08001338   0x08001338   0x000000bc   Code   RO          254    i.HAL_UART_MspInit  stm32f4xx_hal_msp.o
    0x080013f4   0x080013f4   0x00000002   Code   RO          355    i.HAL_UART_RxCpltCallback  stm32f4xx_hal_uart.o
    0x080013f6   0x080013f6   0x000000ba   Code   RO          357    i.HAL_UART_Transmit  stm32f4xx_hal_uart.o
    0x080014b0   0x080014b0   0x00000002   Code   RO          360    i.HAL_UART_TxCpltCallback  stm32f4xx_hal_uart.o
    0x080014b2   0x080014b2   0x00000002   Code   RO          184    i.HardFault_Handler  stm32f4xx_it.o
    0x080014b4   0x080014b4   0x00000012   Code   RO         3131    i.IsIrqMasked       rtx_kernel.o
    0x080014c6   0x080014c6   0x00000012   Code   RO         3575    i.IsIrqMasked       rtx_msgqueue.o
    0x080014d8   0x080014d8   0x00000012   Code   RO         4012    i.IsIrqMasked       rtx_thread.o
    0x080014ea   0x080014ea   0x0000000c   Code   RO         3132    i.IsIrqMode         rtx_kernel.o
    0x080014f6   0x080014f6   0x0000000c   Code   RO         3576    i.IsIrqMode         rtx_msgqueue.o
    0x08001502   0x08001502   0x0000000c   Code   RO         4013    i.IsIrqMode         rtx_thread.o
    0x0800150e   0x0800150e   0x00000002   PAD
    0x08001510   0x08001510   0x00000098   Code   RO            5    i.MX_GPIO_Init      main.o
    0x080015a8   0x080015a8   0x00000002   Code   RO          185    i.MemManage_Handler  stm32f4xx_it.o
    0x080015aa   0x080015aa   0x00000028   Code   RO         3577    i.MessageQueueGet   rtx_msgqueue.o
    0x080015d2   0x080015d2   0x0000003e   Code   RO         3578    i.MessageQueuePut   rtx_msgqueue.o
    0x08001610   0x08001610   0x0000001c   Code   RO         3579    i.MessageQueueRemove  rtx_msgqueue.o
    0x0800162c   0x0800162c   0x00000002   Code   RO          186    i.NMI_Handler       stm32f4xx_it.o
    0x0800162e   0x0800162e   0x00000008   Code   RO         4519    i.OS_Tick_AcknowledgeIRQ  os_systick.o
    0x08001636   0x08001636   0x00000002   PAD
    0x08001638   0x08001638   0x00000028   Code   RO         4521    i.OS_Tick_Enable    os_systick.o
    0x08001660   0x08001660   0x00000006   Code   RO         4524    i.OS_Tick_GetIRQn   os_systick.o
    0x08001666   0x08001666   0x00000002   PAD
    0x08001668   0x08001668   0x00000040   Code   RO         4527    i.OS_Tick_Setup     os_systick.o
    0x080016a8   0x080016a8   0x00000080   Code   RO            6    i.SystemClock_Config  main.o
    0x08001728   0x08001728   0x00000054   Code   RO         5748    i.SystemInit        system_stm32f4xx_1.o
    0x0800177c   0x0800177c   0x0000002e   Code   RO         4014    i.ThreadFlagsCheck  rtx_thread.o
    0x080017aa   0x080017aa   0x00000002   PAD
    0x080017ac   0x080017ac   0x00000038   Code   RO         4400    i.TimerInsert       rtx_timer.o
    0x080017e4   0x080017e4   0x00000010   Code   RO          362    i.UART_DMAAbortOnError  stm32f4xx_hal_uart.o
    0x080017f4   0x080017f4   0x0000001c   Code   RO          372    i.UART_EndRxTransfer  stm32f4xx_hal_uart.o
    0x08001810   0x08001810   0x00000096   Code   RO          374    i.UART_Receive_IT   stm32f4xx_hal_uart.o
    0x080018a6   0x080018a6   0x00000002   PAD
    0x080018a8   0x080018a8   0x00000128   Code   RO          375    i.UART_SetConfig    stm32f4xx_hal_uart.o
    0x080019d0   0x080019d0   0x00000062   Code   RO          376    i.UART_Transmit_IT  stm32f4xx_hal_uart.o
    0x08001a32   0x08001a32   0x00000064   Code   RO          377    i.UART_WaitOnFlagUntilTimeout  stm32f4xx_hal_uart.o
    0x08001a96   0x08001a96   0x00000002   PAD
    0x08001a98   0x08001a98   0x0000000c   Code   RO          187    i.USART1_IRQHandler  stm32f4xx_it.o
    0x08001aa4   0x08001aa4   0x0000000c   Code   RO          188    i.USART2_IRQHandler  stm32f4xx_it.o
    0x08001ab0   0x08001ab0   0x00000002   Code   RO          189    i.UsageFault_Handler  stm32f4xx_it.o
    0x08001ab2   0x08001ab2   0x00000002   PAD
    0x08001ab4   0x08001ab4   0x00000020   Code   RO         6004    i.__0printf$8       mc_w.l(printf8.o)
    0x08001ad4   0x08001ad4   0x00000020   Code   RO         1485    i.__NVIC_SetPriority  stm32f4xx_hal_cortex.o
    0x08001af4   0x08001af4   0x0000000e   Code   RO         6139    i.__scatterload_copy  mc_w.l(handlers.o)
    0x08001b02   0x08001b02   0x00000002   Code   RO         6140    i.__scatterload_null  mc_w.l(handlers.o)
    0x08001b04   0x08001b04   0x0000000e   Code   RO         6141    i.__scatterload_zeroinit  mc_w.l(handlers.o)
    0x08001b12   0x08001b12   0x00000002   PAD
    0x08001b14   0x08001b14   0x00000410   Code   RO         6011    i._printf_core      mc_w.l(printf8.o)
    0x08001f24   0x08001f24   0x00000024   Code   RO         6012    i._printf_post_padding  mc_w.l(printf8.o)
    0x08001f48   0x08001f48   0x0000002e   Code   RO         6013    i._printf_pre_padding  mc_w.l(printf8.o)
    0x08001f76   0x08001f76   0x00000002   PAD
    0x08001f78   0x08001f78   0x0000001c   Code   RO            7    i.app_main          main.o
    0x08001f94   0x08001f94   0x00000018   Code   RO            8    i.fputc             main.o
    0x08001fac   0x08001fac   0x000000ec   Code   RO            9    i.info              main.o
    0x08002098   0x08002098   0x000000dc   Code   RO           10    i.main              main.o
    0x08002174   0x08002174   0x00000044   Code   RO         3133    i.osKernelGetInfo   rtx_kernel.o
    0x080021b8   0x080021b8   0x00000030   Code   RO         3134    i.osKernelGetState  rtx_kernel.o
    0x080021e8   0x080021e8   0x00000030   Code   RO         3139    i.osKernelInitialize  rtx_kernel.o
    0x08002218   0x08002218   0x0000002c   Code   RO         3143    i.osKernelStart     rtx_kernel.o
    0x08002244   0x08002244   0x0000008c   Code   RO         3581    i.osMessageQueueGet  rtx_msgqueue.o
    0x080022d0   0x080022d0   0x00000038   Code   RO         3587    i.osMessageQueueNew  rtx_msgqueue.o
    0x08002308   0x08002308   0x00000098   Code   RO         3588    i.osMessageQueuePut  rtx_msgqueue.o
    0x080023a0   0x080023a0   0x00000002   Code   RO         4593    i.osRtxErrorNotify  rtx_config.o
    0x080023a2   0x080023a2   0x00000002   Code   RO         4594    i.osRtxIdleThread   rtx_config.o
    0x080023a4   0x080023a4   0x00000002   Code   RO         3146    i.osRtxKernelPreInit  rtx_kernel.o
    0x080023a6   0x080023a6   0x00000080   Code   RO         3372    i.osRtxMemoryAlloc  rtx_memory.o
    0x08002426   0x08002426   0x00000048   Code   RO         3373    i.osRtxMemoryFree   rtx_memory.o
    0x0800246e   0x0800246e   0x0000003c   Code   RO         3374    i.osRtxMemoryInit   rtx_memory.o
    0x080024aa   0x080024aa   0x00000030   Code   RO         3429    i.osRtxMemoryPoolAlloc  rtx_mempool.o
    0x080024da   0x080024da   0x00000040   Code   RO         3430    i.osRtxMemoryPoolFree  rtx_mempool.o
    0x0800251a   0x0800251a   0x00000046   Code   RO         3431    i.osRtxMemoryPoolInit  rtx_mempool.o
    0x08002560   0x08002560   0x000000ec   Code   RO         3590    i.osRtxMessageQueuePostProcess  rtx_msgqueue.o
    0x0800264c   0x0800264c   0x00000056   Code   RO         3751    i.osRtxMutexOwnerRelease  rtx_mutex.o
    0x080026a2   0x080026a2   0x00000002   PAD
    0x080026a4   0x080026a4   0x00000064   Code   RO         3966    i.osRtxPendSV_Handler  rtx_system.o
    0x08002708   0x08002708   0x00000050   Code   RO         3967    i.osRtxPostProcess  rtx_system.o
    0x08002758   0x08002758   0x00000034   Code   RO         4016    i.osRtxThreadBlock  rtx_thread.o
    0x0800278c   0x0800278c   0x0000005c   Code   RO         4017    i.osRtxThreadDelayInsert  rtx_thread.o
    0x080027e8   0x080027e8   0x00000048   Code   RO         4018    i.osRtxThreadDelayRemove  rtx_thread.o
    0x08002830   0x08002830   0x000000c0   Code   RO         4019    i.osRtxThreadDelayTick  rtx_thread.o
    0x080028f0   0x080028f0   0x0000005c   Code   RO         4020    i.osRtxThreadDispatch  rtx_thread.o
    0x0800294c   0x0800294c   0x00000054   Code   RO         4021    i.osRtxThreadFree   rtx_thread.o
    0x080029a0   0x080029a0   0x00000014   Code   RO         4022    i.osRtxThreadListGet  rtx_thread.o
    0x080029b4   0x080029b4   0x00000024   Code   RO         4023    i.osRtxThreadListPut  rtx_thread.o
    0x080029d8   0x080029d8   0x00000018   Code   RO         4024    i.osRtxThreadListRemove  rtx_thread.o
    0x080029f0   0x080029f0   0x0000000c   Code   RO         4025    i.osRtxThreadListRoot  rtx_thread.o
    0x080029fc   0x080029fc   0x00000038   Code   RO         4028    i.osRtxThreadPostProcess  rtx_thread.o
    0x08002a34   0x08002a34   0x00000010   Code   RO         4029    i.osRtxThreadReadyPut  rtx_thread.o
    0x08002a44   0x08002a44   0x00000014   Code   RO         4030    i.osRtxThreadRegPtr  rtx_thread.o
    0x08002a58   0x08002a58   0x00000028   Code   RO         4031    i.osRtxThreadStackCheck  rtx_thread.o
    0x08002a80   0x08002a80   0x0000003c   Code   RO         4032    i.osRtxThreadStartup  rtx_thread.o
    0x08002abc   0x08002abc   0x00000020   Code   RO         4033    i.osRtxThreadSwitch  rtx_thread.o
    0x08002adc   0x08002adc   0x00000040   Code   RO         4034    i.osRtxThreadWaitEnter  rtx_thread.o
    0x08002b1c   0x08002b1c   0x0000002e   Code   RO         4035    i.osRtxThreadWaitExit  rtx_thread.o
    0x08002b4a   0x08002b4a   0x00000002   PAD
    0x08002b4c   0x08002b4c   0x00000078   Code   RO         3968    i.osRtxTick_Handler  rtx_system.o
    0x08002bc4   0x08002bc4   0x00000048   Code   RO         4402    i.osRtxTimerThread  rtx_timer.o
    0x08002c0c   0x08002c0c   0x0000005c   Code   RO         4403    i.osRtxTimerTick    rtx_timer.o
    0x08002c68   0x08002c68   0x0000001c   Code   RO         4038    i.osThreadExit      rtx_thread.o
    0x08002c84   0x08002c84   0x00000038   Code   RO         4051    i.osThreadNew       rtx_thread.o
    0x08002cbc   0x08002cbc   0x00000048   Code   RO         3147    i.svcRtxKernelGetInfo  rtx_kernel.o
    0x08002d04   0x08002d04   0x00000014   Code   RO         3148    i.svcRtxKernelGetState  rtx_kernel.o
    0x08002d18   0x08002d18   0x00000138   Code   RO         3153    i.svcRtxKernelInitialize  rtx_kernel.o
    0x08002e50   0x08002e50   0x000000a0   Code   RO         3157    i.svcRtxKernelStart  rtx_kernel.o
    0x08002ef0   0x08002ef0   0x0000010c   Code   RO         3592    i.svcRtxMessageQueueGet  rtx_msgqueue.o
    0x08002ffc   0x08002ffc   0x00000130   Code   RO         3598    i.svcRtxMessageQueueNew  rtx_msgqueue.o
    0x0800312c   0x0800312c   0x000000f0   Code   RO         3599    i.svcRtxMessageQueuePut  rtx_msgqueue.o
    0x0800321c   0x0800321c   0x00000074   Code   RO         4059    i.svcRtxThreadExit  rtx_thread.o
    0x08003290   0x08003290   0x000001cc   Code   RO         4072    i.svcRtxThreadNew   rtx_thread.o
    0x0800345c   0x0800345c   0x00000024   Data   RO         3340    .constdata          rtx_lib.o
    0x08003480   0x08003480   0x00000024   Data   RO         3341    .constdata          rtx_lib.o
    0x080034a4   0x080034a4   0x00000018   Data   RO         3342    .constdata          rtx_lib.o
    0x080034bc   0x080034bc   0x00000004   Data   RO         3343    .constdata          rtx_lib.o
    0x080034c0   0x080034c0   0x00000010   Data   RO         5749    .constdata          system_stm32f4xx_1.o
    0x080034d0   0x080034d0   0x00000008   Data   RO         5750    .constdata          system_stm32f4xx_1.o
    0x080034d8   0x080034d8   0x0000000b   Data   RO         3160    .conststrlit        rtx_kernel.o
    0x080034e3   0x080034e3   0x00000001   PAD
    0x080034e4   0x080034e4   0x000000a0   Data   RO         3345    .rodata             rtx_lib.o
    0x08003584   0x08003584   0x00000020   Data   RO         6137    Region$$Table       anon$$obj.o


    Execution Region RW_IRAM1 (Exec base: 0x20000000, Load base: 0x080035a4, Size: 0x00001890, Max: 0x00020000, ABSOLUTE, COMPRESSED[0x0000003c])

    Exec Addr    Load Addr    Size         Type   Attr      Idx    E Section Name        Object

    0x20000000   COMPRESSED   0x00001000   Data   RW         3332    .bss.os             rtx_lib.o
    0x20001000   COMPRESSED   0x00000040   Data   RW         3333    .bss.os             rtx_lib.o
    0x20001040   COMPRESSED   0x00000034   Data   RW         3334    .bss.os.msgqueue.cb  rtx_lib.o
    0x20001074   COMPRESSED   0x00000050   Data   RW         3335    .bss.os.msgqueue.mem  rtx_lib.o
    0x200010c4   COMPRESSED   0x00000044   Data   RW         3336    .bss.os.thread.cb   rtx_lib.o
    0x20001108   COMPRESSED   0x00000044   Data   RW         3337    .bss.os.thread.cb   rtx_lib.o
    0x2000114c   COMPRESSED   0x00000004   PAD
    0x20001150   COMPRESSED   0x00000100   Data   RW         3338    .bss.os.thread.stack  rtx_lib.o
    0x20001250   COMPRESSED   0x00000100   Data   RW         3339    .bss.os.thread.stack  rtx_lib.o
    0x20001350   COMPRESSED   0x0000000c   Data   RW         1629    .data               stm32f4xx_hal.o
    0x2000135c   COMPRESSED   0x00000001   Data   RW         4528    .data               os_systick.o
    0x2000135d   COMPRESSED   0x00000003   PAD
    0x20001360   COMPRESSED   0x00000004   Data   RW         5751    .data               system_stm32f4xx_1.o
    0x20001364   COMPRESSED   0x00000004   Data   RW         6074    .data               mc_w.l(stdout.o)
    0x20001368   COMPRESSED   0x000000a4   Data   RW         3161    .data.os            rtx_kernel.o
    0x2000140c        -       0x00000080   Zero   RW           11    .bss                main.o
    0x2000148c   COMPRESSED   0x00000004   PAD
    0x20001490        -       0x00000400   Zero   RW         5737    STACK               startup_stm32f411xe_1.o


==============================================================================

Image component sizes


      Code (inc. data)   RO Data    RW Data    ZI Data      Debug   Object Name

       196         12          0          0          0        692   irq_cm4f.o
       788        296          0          0        128     400872   main.o
       118         20          0          1          0       2612   os_systick.o
         4          0          0          0          0       1049   rtx_config.o
         0          0          0          0          0       9891   rtx_delay.o
        96          0          0          0          0      28724   rtx_evr.o
       804         70         11        164          0      24644   rtx_kernel.o
         0          0        260       4940          0       9018   rtx_lib.o
       260          0          0          0          0       3783   rtx_memory.o
       510          0          0          0          0       4171   rtx_mempool.o
      1884         34          0          0          0      23164   rtx_msgqueue.o
        86          0          0          0          0       1585   rtx_mutex.o
       628         28          0          0          0       9193   rtx_system.o
      2074        106          0          0          0      27706   rtx_thread.o
       220         24          0          0          0       2995   rtx_timer.o
        36          8        408          0       1024        884   startup_stm32f411xe_1.o
       128         20          0         12          0       8287   stm32f4xx_hal.o
       198         14          0          0          0      34119   stm32f4xx_hal_cortex.o
        36          0          0          0          0       1267   stm32f4xx_hal_dma.o
       414         34          0          0          0       2460   stm32f4xx_hal_gpio.o
       236         24          0          0          0       1757   stm32f4xx_hal_msp.o
      1328         78          0          0          0       5396   stm32f4xx_hal_rcc.o
      1254         16          0          0          0       9899   stm32f4xx_hal_uart.o
        36         12          0          0          0       3885   stm32f4xx_it.o
        84         18         24          4          0       1331   system_stm32f4xx_1.o

    ----------------------------------------------------------------------
     11446        814        736       5128       1156     619384   Object Totals
         0          0         32          0          0          0   (incl. Generated)
        28          0          1          7          4          0   (incl. Padding)

    ----------------------------------------------------------------------

      Code (inc. data)   RO Data    RW Data    ZI Data      Debug   Library Member Name

        58          0          0          0          0          0   __dczerorl.o
         0          0          0          0          0          0   entry.o
         0          0          0          0          0          0   entry10a.o
         0          0          0          0          0          0   entry11a.o
         8          4          0          0          0          0   entry2.o
         4          0          0          0          0          0   entry5.o
         0          0          0          0          0          0   entry7b.o
         0          0          0          0          0          0   entry8b.o
         8          4          0          0          0          0   entry9a.o
        30          0          0          0          0          0   handlers.o
        36          8          0          0          0         68   init.o
        30          0          0          0          0         68   llshl.o
        32          0          0          0          0         68   llushr.o
        36          0          0          0          0         68   memcpya.o
        36          0          0          0          0        108   memseta.o
      1154         54          0          0          0        352   printf8.o
         0          0          0          4          0          0   stdout.o
        14          0          0          0          0         68   strlen.o
        98          0          0          0          0         92   uldiv.o

    ----------------------------------------------------------------------
      1550         70          0          4          0        892   Library Totals
         6          0          0          0          0          0   (incl. Padding)

    ----------------------------------------------------------------------

      Code (inc. data)   RO Data    RW Data    ZI Data      Debug   Library Name

      1544         70          0          4          0        892   mc_w.l

    ----------------------------------------------------------------------
      1550         70          0          4          0        892   Library Totals

    ----------------------------------------------------------------------

==============================================================================


      Code (inc. data)   RO Data    RW Data    ZI Data      Debug   

     12996        884        736       5132       1156     604396   Grand Totals
     12996        884        736         60       1156     604396   ELF Image Totals (compressed)
     12996        884        736         60          0          0   ROM Totals

==============================================================================

    Total RO  Size (Code + RO Data)                13732 (  13.41kB)
    Total RW  Size (RW Data + ZI Data)              6288 (   6.14kB)
    Total ROM Size (Code + RO Data + RW Data)      13792 (  13.47kB)

==============================================================================

